ARM Linker, RVCT4.0 [Build 524] for uVision [Standard]

==============================================================================

Section Cross References

    stm32f10x_it.o(i.SysTickHandler) refers to timer.o(i.TimingDelay_Decrement) for TimingDelay_Decrement
    main.o(i.LEDFlash) refers to stm32f10x_gpio.o(i.GPIO_SetBits) for GPIO_SetBits
    main.o(i.LEDFlash) refers to stm32f10x_gpio.o(i.GPIO_ResetBits) for GPIO_ResetBits
    main.o(i.LEDFlash) refers to main.o(.data) for .data
    main.o(i.main) refers to bsp.o(i.RCC_Configuration) for RCC_Configuration
    main.o(i.main) refers to bsp.o(i.GPIO_Configuration) for GPIO_Configuration
    main.o(i.main) refers to bsp.o(i.NVIC_Configuration) for NVIC_Configuration
    main.o(i.main) refers to timer.o(i.SysTick_Init) for SysTick_Init
    main.o(i.main) refers to spi.o(i.mySPI_Init) for mySPI_Init
    main.o(i.main) refers to nrf24l01.o(i.init_NRF24L01) for init_NRF24L01
    main.o(i.main) refers to nrf24l01.o(i.TX_Mode) for TX_Mode
    main.o(i.main) refers to main.o(i.LEDFlash) for LEDFlash
    main.o(i.main) refers to nrf24l01.o(i.NRF_Send) for NRF_Send
    timer.o(i.Delayms) refers to main.o(.data) for gTimer_1ms
    timer.o(i.SysTick_Init) refers to stm32f10x_systick.o(i.SysTick_SetReload) for SysTick_SetReload
    timer.o(i.SysTick_Init) refers to stm32f10x_systick.o(i.SysTick_ITConfig) for SysTick_ITConfig
    timer.o(i.SysTick_Init) refers to stm32f10x_systick.o(i.SysTick_CounterCmd) for SysTick_CounterCmd
    timer.o(i.TimingDelay_Decrement) refers to main.o(.data) for gTimer_1ms
    bsp.o(i.GPIO_Configuration) refers to stm32f10x_gpio.o(i.GPIO_Init) for GPIO_Init
    bsp.o(i.NVIC_Configuration) refers to stm32f10x_nvic.o(i.NVIC_SetVectorTable) for NVIC_SetVectorTable
    bsp.o(i.NVIC_Configuration) refers to stm32f10x_nvic.o(i.NVIC_PriorityGroupConfig) for NVIC_PriorityGroupConfig
    bsp.o(i.NVIC_Configuration) refers to stm32f10x_nvic.o(i.NVIC_Init) for NVIC_Init
    bsp.o(i.RCC_Configuration) refers to stm32f10x_rcc.o(i.RCC_DeInit) for RCC_DeInit
    bsp.o(i.RCC_Configuration) refers to stm32f10x_rcc.o(i.RCC_HSEConfig) for RCC_HSEConfig
    bsp.o(i.RCC_Configuration) refers to stm32f10x_rcc.o(i.RCC_WaitForHSEStartUp) for RCC_WaitForHSEStartUp
    bsp.o(i.RCC_Configuration) refers to stm32f10x_flash.o(i.FLASH_PrefetchBufferCmd) for FLASH_PrefetchBufferCmd
    bsp.o(i.RCC_Configuration) refers to stm32f10x_flash.o(i.FLASH_SetLatency) for FLASH_SetLatency
    bsp.o(i.RCC_Configuration) refers to stm32f10x_rcc.o(i.RCC_HCLKConfig) for RCC_HCLKConfig
    bsp.o(i.RCC_Configuration) refers to stm32f10x_rcc.o(i.RCC_PCLK2Config) for RCC_PCLK2Config
    bsp.o(i.RCC_Configuration) refers to stm32f10x_rcc.o(i.RCC_PCLK1Config) for RCC_PCLK1Config
    bsp.o(i.RCC_Configuration) refers to stm32f10x_rcc.o(i.RCC_PLLConfig) for RCC_PLLConfig
    bsp.o(i.RCC_Configuration) refers to stm32f10x_rcc.o(i.RCC_PLLCmd) for RCC_PLLCmd
    bsp.o(i.RCC_Configuration) refers to stm32f10x_rcc.o(i.RCC_GetFlagStatus) for RCC_GetFlagStatus
    bsp.o(i.RCC_Configuration) refers to stm32f10x_rcc.o(i.RCC_SYSCLKConfig) for RCC_SYSCLKConfig
    bsp.o(i.RCC_Configuration) refers to stm32f10x_rcc.o(i.RCC_GetSYSCLKSource) for RCC_GetSYSCLKSource
    bsp.o(i.RCC_Configuration) refers to stm32f10x_rcc.o(i.RCC_APB2PeriphClockCmd) for RCC_APB2PeriphClockCmd
    spi.o(i.SPI_Send_Byte) refers to stm32f10x_spi.o(i.SPI_I2S_GetFlagStatus) for SPI_I2S_GetFlagStatus
    spi.o(i.SPI_Send_Byte) refers to stm32f10x_spi.o(i.SPI_I2S_SendData) for SPI_I2S_SendData
    spi.o(i.SPI_Send_Byte) refers to stm32f10x_spi.o(i.SPI_I2S_ReceiveData) for SPI_I2S_ReceiveData
    spi.o(i.mySPI_Init) refers to stm32f10x_rcc.o(i.RCC_APB1PeriphClockCmd) for RCC_APB1PeriphClockCmd
    spi.o(i.mySPI_Init) refers to stm32f10x_gpio.o(i.GPIO_Init) for GPIO_Init
    spi.o(i.mySPI_Init) refers to stm32f10x_spi.o(i.SPI_Init) for SPI_Init
    spi.o(i.mySPI_Init) refers to stm32f10x_spi.o(i.SPI_Cmd) for SPI_Cmd
    nrf24l01.o(i.NRF_Send) refers to memcpya.o(.text) for __aeabi_memcpy
    nrf24l01.o(i.NRF_Send) refers to nrf24l01.o(i.nRF24L01_TxPacket) for nRF24L01_TxPacket
    nrf24l01.o(i.NRF_Send) refers to main.o(.data) for gTimer_1ms
    nrf24l01.o(i.NRF_Send) refers to nrf24l01.o(.data) for .data
    nrf24l01.o(i.NRF_Send) refers to nrf24l01.o(.bss) for .bss
    nrf24l01.o(i.RX_Mode) refers to nrf24l01.o(i.SPI_Read_Buf) for SPI_Read_Buf
    nrf24l01.o(i.RX_Mode) refers to nrf24l01.o(i.SPI_Write_Buf) for SPI_Write_Buf
    nrf24l01.o(i.RX_Mode) refers to nrf24l01.o(i.SPI_WR_Reg) for SPI_WR_Reg
    nrf24l01.o(i.RX_Mode) refers to nrf24l01.o(i.Delay_us) for Delay_us
    nrf24l01.o(i.RX_Mode) refers to nrf24l01.o(.data) for .data
    nrf24l01.o(i.SPI_RD_Reg) refers to spi.o(i.SPI_Send_Byte) for SPI_Send_Byte
    nrf24l01.o(i.SPI_Read_Buf) refers to spi.o(i.SPI_Send_Byte) for SPI_Send_Byte
    nrf24l01.o(i.SPI_WR_Reg) refers to spi.o(i.SPI_Send_Byte) for SPI_Send_Byte
    nrf24l01.o(i.SPI_Write_Buf) refers to spi.o(i.SPI_Send_Byte) for SPI_Send_Byte
    nrf24l01.o(i.TX_Mode) refers to nrf24l01.o(i.SPI_Write_Buf) for SPI_Write_Buf
    nrf24l01.o(i.TX_Mode) refers to nrf24l01.o(i.SPI_WR_Reg) for SPI_WR_Reg
    nrf24l01.o(i.TX_Mode) refers to nrf24l01.o(.data) for .data
    nrf24l01.o(i.init_NRF24L01) refers to nrf24l01.o(i.Delay_us) for Delay_us
    nrf24l01.o(i.init_NRF24L01) refers to nrf24l01.o(i.SPI_Read_Buf) for SPI_Read_Buf
    nrf24l01.o(i.nRF24L01_RxPacket) refers to nrf24l01.o(i.SPI_RD_Reg) for SPI_RD_Reg
    nrf24l01.o(i.nRF24L01_RxPacket) refers to nrf24l01.o(i.SPI_Read_Buf) for SPI_Read_Buf
    nrf24l01.o(i.nRF24L01_RxPacket) refers to nrf24l01.o(i.SPI_WR_Reg) for SPI_WR_Reg
    nrf24l01.o(i.nRF24L01_TxPacket) refers to nrf24l01.o(i.SPI_Write_Buf) for SPI_Write_Buf
    nrf24l01.o(i.nRF24L01_TxPacket) refers to nrf24l01.o(.data) for .data
    stm32f10x_vector.o(RESET) refers to stm32f10x_vector.o(STACK) for __initial_sp
    stm32f10x_vector.o(RESET) refers to stm32f10x_vector.o(.text) for Reset_Handler
    stm32f10x_vector.o(RESET) refers to stm32f10x_it.o(i.NMIException) for NMIException
    stm32f10x_vector.o(RESET) refers to stm32f10x_it.o(i.HardFaultException) for HardFaultException
    stm32f10x_vector.o(RESET) refers to stm32f10x_it.o(i.MemManageException) for MemManageException
    stm32f10x_vector.o(RESET) refers to stm32f10x_it.o(i.BusFaultException) for BusFaultException
    stm32f10x_vector.o(RESET) refers to stm32f10x_it.o(i.UsageFaultException) for UsageFaultException
    stm32f10x_vector.o(RESET) refers to stm32f10x_it.o(i.SVCHandler) for SVCHandler
    stm32f10x_vector.o(RESET) refers to stm32f10x_it.o(i.DebugMonitor) for DebugMonitor
    stm32f10x_vector.o(RESET) refers to stm32f10x_it.o(i.PendSVC) for PendSVC
    stm32f10x_vector.o(RESET) refers to stm32f10x_it.o(i.SysTickHandler) for SysTickHandler
    stm32f10x_vector.o(RESET) refers to stm32f10x_it.o(i.WWDG_IRQHandler) for WWDG_IRQHandler
    stm32f10x_vector.o(RESET) refers to stm32f10x_it.o(i.PVD_IRQHandler) for PVD_IRQHandler
    stm32f10x_vector.o(RESET) refers to stm32f10x_it.o(i.TAMPER_IRQHandler) for TAMPER_IRQHandler
    stm32f10x_vector.o(RESET) refers to stm32f10x_it.o(i.RTC_IRQHandler) for RTC_IRQHandler
    stm32f10x_vector.o(RESET) refers to stm32f10x_it.o(i.FLASH_IRQHandler) for FLASH_IRQHandler
    stm32f10x_vector.o(RESET) refers to stm32f10x_it.o(i.RCC_IRQHandler) for RCC_IRQHandler
    stm32f10x_vector.o(RESET) refers to stm32f10x_it.o(i.EXTI0_IRQHandler) for EXTI0_IRQHandler
    stm32f10x_vector.o(RESET) refers to stm32f10x_it.o(i.EXTI1_IRQHandler) for EXTI1_IRQHandler
    stm32f10x_vector.o(RESET) refers to stm32f10x_it.o(i.EXTI2_IRQHandler) for EXTI2_IRQHandler
    stm32f10x_vector.o(RESET) refers to stm32f10x_it.o(i.EXTI3_IRQHandler) for EXTI3_IRQHandler
    stm32f10x_vector.o(RESET) refers to stm32f10x_it.o(i.EXTI4_IRQHandler) for EXTI4_IRQHandler
    stm32f10x_vector.o(RESET) refers to stm32f10x_it.o(i.DMA1_Channel1_IRQHandler) for DMA1_Channel1_IRQHandler
    stm32f10x_vector.o(RESET) refers to stm32f10x_it.o(i.DMA1_Channel2_IRQHandler) for DMA1_Channel2_IRQHandler
    stm32f10x_vector.o(RESET) refers to stm32f10x_it.o(i.DMA1_Channel3_IRQHandler) for DMA1_Channel3_IRQHandler
    stm32f10x_vector.o(RESET) refers to stm32f10x_it.o(i.DMA1_Channel4_IRQHandler) for DMA1_Channel4_IRQHandler
    stm32f10x_vector.o(RESET) refers to stm32f10x_it.o(i.DMA1_Channel5_IRQHandler) for DMA1_Channel5_IRQHandler
    stm32f10x_vector.o(RESET) refers to stm32f10x_it.o(i.DMA1_Channel6_IRQHandler) for DMA1_Channel6_IRQHandler
    stm32f10x_vector.o(RESET) refers to stm32f10x_it.o(i.DMA1_Channel7_IRQHandler) for DMA1_Channel7_IRQHandler
    stm32f10x_vector.o(RESET) refers to stm32f10x_it.o(i.ADC1_2_IRQHandler) for ADC1_2_IRQHandler
    stm32f10x_vector.o(RESET) refers to stm32f10x_it.o(i.USB_HP_CAN_TX_IRQHandler) for USB_HP_CAN_TX_IRQHandler
    stm32f10x_vector.o(RESET) refers to stm32f10x_it.o(i.USB_LP_CAN_RX0_IRQHandler) for USB_LP_CAN_RX0_IRQHandler
    stm32f10x_vector.o(RESET) refers to stm32f10x_it.o(i.CAN_RX1_IRQHandler) for CAN_RX1_IRQHandler
    stm32f10x_vector.o(RESET) refers to stm32f10x_it.o(i.CAN_SCE_IRQHandler) for CAN_SCE_IRQHandler
    stm32f10x_vector.o(RESET) refers to stm32f10x_it.o(i.EXTI9_5_IRQHandler) for EXTI9_5_IRQHandler
    stm32f10x_vector.o(RESET) refers to stm32f10x_it.o(i.TIM1_BRK_IRQHandler) for TIM1_BRK_IRQHandler
    stm32f10x_vector.o(RESET) refers to stm32f10x_it.o(i.TIM1_UP_IRQHandler) for TIM1_UP_IRQHandler
    stm32f10x_vector.o(RESET) refers to stm32f10x_it.o(i.TIM1_TRG_COM_IRQHandler) for TIM1_TRG_COM_IRQHandler
    stm32f10x_vector.o(RESET) refers to stm32f10x_it.o(i.TIM1_CC_IRQHandler) for TIM1_CC_IRQHandler
    stm32f10x_vector.o(RESET) refers to stm32f10x_it.o(i.TIM2_IRQHandler) for TIM2_IRQHandler
    stm32f10x_vector.o(RESET) refers to stm32f10x_it.o(i.TIM3_IRQHandler) for TIM3_IRQHandler
    stm32f10x_vector.o(RESET) refers to stm32f10x_it.o(i.TIM4_IRQHandler) for TIM4_IRQHandler
    stm32f10x_vector.o(RESET) refers to stm32f10x_it.o(i.I2C1_EV_IRQHandler) for I2C1_EV_IRQHandler
    stm32f10x_vector.o(RESET) refers to stm32f10x_it.o(i.I2C1_ER_IRQHandler) for I2C1_ER_IRQHandler
    stm32f10x_vector.o(RESET) refers to stm32f10x_it.o(i.I2C2_EV_IRQHandler) for I2C2_EV_IRQHandler
    stm32f10x_vector.o(RESET) refers to stm32f10x_it.o(i.I2C2_ER_IRQHandler) for I2C2_ER_IRQHandler
    stm32f10x_vector.o(RESET) refers to stm32f10x_it.o(i.SPI1_IRQHandler) for SPI1_IRQHandler
    stm32f10x_vector.o(RESET) refers to stm32f10x_it.o(i.SPI2_IRQHandler) for SPI2_IRQHandler
    stm32f10x_vector.o(RESET) refers to stm32f10x_it.o(i.USART1_IRQHandler) for USART1_IRQHandler
    stm32f10x_vector.o(RESET) refers to stm32f10x_it.o(i.USART2_IRQHandler) for USART2_IRQHandler
    stm32f10x_vector.o(RESET) refers to stm32f10x_it.o(i.USART3_IRQHandler) for USART3_IRQHandler
    stm32f10x_vector.o(RESET) refers to stm32f10x_it.o(i.EXTI15_10_IRQHandler) for EXTI15_10_IRQHandler
    stm32f10x_vector.o(RESET) refers to stm32f10x_it.o(i.RTCAlarm_IRQHandler) for RTCAlarm_IRQHandler
    stm32f10x_vector.o(RESET) refers to stm32f10x_it.o(i.USBWakeUp_IRQHandler) for USBWakeUp_IRQHandler
    stm32f10x_vector.o(RESET) refers to stm32f10x_it.o(i.TIM8_BRK_IRQHandler) for TIM8_BRK_IRQHandler
    stm32f10x_vector.o(RESET) refers to stm32f10x_it.o(i.TIM8_UP_IRQHandler) for TIM8_UP_IRQHandler
    stm32f10x_vector.o(RESET) refers to stm32f10x_it.o(i.TIM8_TRG_COM_IRQHandler) for TIM8_TRG_COM_IRQHandler
    stm32f10x_vector.o(RESET) refers to stm32f10x_it.o(i.TIM8_CC_IRQHandler) for TIM8_CC_IRQHandler
    stm32f10x_vector.o(RESET) refers to stm32f10x_it.o(i.ADC3_IRQHandler) for ADC3_IRQHandler
    stm32f10x_vector.o(RESET) refers to stm32f10x_it.o(i.FSMC_IRQHandler) for FSMC_IRQHandler
    stm32f10x_vector.o(RESET) refers to stm32f10x_it.o(i.SDIO_IRQHandler) for SDIO_IRQHandler
    stm32f10x_vector.o(RESET) refers to stm32f10x_it.o(i.TIM5_IRQHandler) for TIM5_IRQHandler
    stm32f10x_vector.o(RESET) refers to stm32f10x_it.o(i.SPI3_IRQHandler) for SPI3_IRQHandler
    stm32f10x_vector.o(RESET) refers to stm32f10x_it.o(i.UART4_IRQHandler) for UART4_IRQHandler
    stm32f10x_vector.o(RESET) refers to stm32f10x_it.o(i.UART5_IRQHandler) for UART5_IRQHandler
    stm32f10x_vector.o(RESET) refers to stm32f10x_it.o(i.TIM6_IRQHandler) for TIM6_IRQHandler
    stm32f10x_vector.o(RESET) refers to stm32f10x_it.o(i.TIM7_IRQHandler) for TIM7_IRQHandler
    stm32f10x_vector.o(RESET) refers to stm32f10x_it.o(i.DMA2_Channel1_IRQHandler) for DMA2_Channel1_IRQHandler
    stm32f10x_vector.o(RESET) refers to stm32f10x_it.o(i.DMA2_Channel2_IRQHandler) for DMA2_Channel2_IRQHandler
    stm32f10x_vector.o(RESET) refers to stm32f10x_it.o(i.DMA2_Channel3_IRQHandler) for DMA2_Channel3_IRQHandler
    stm32f10x_vector.o(RESET) refers to stm32f10x_it.o(i.DMA2_Channel4_5_IRQHandler) for DMA2_Channel4_5_IRQHandler
    stm32f10x_vector.o(.text) refers to entry.o(.ARM.Collect$$$$00000000) for __main
    stm32f10x_flash.o(i.FLASH_WaitForLastOperation) refers to stm32f10x_flash.o(i.FLASH_GetStatus) for FLASH_GetStatus
    stm32f10x_flash.o(i.FLASH_ErasePage) refers to stm32f10x_flash.o(i.FLASH_WaitForLastOperation) for FLASH_WaitForLastOperation
    stm32f10x_flash.o(i.FLASH_EraseAllPages) refers to stm32f10x_flash.o(i.FLASH_WaitForLastOperation) for FLASH_WaitForLastOperation
    stm32f10x_flash.o(i.FLASH_EraseOptionBytes) refers to stm32f10x_flash.o(i.FLASH_WaitForLastOperation) for FLASH_WaitForLastOperation
    stm32f10x_flash.o(i.FLASH_ProgramWord) refers to stm32f10x_flash.o(i.FLASH_WaitForLastOperation) for FLASH_WaitForLastOperation
    stm32f10x_flash.o(i.FLASH_ProgramHalfWord) refers to stm32f10x_flash.o(i.FLASH_WaitForLastOperation) for FLASH_WaitForLastOperation
    stm32f10x_flash.o(i.FLASH_ProgramOptionByteData) refers to stm32f10x_flash.o(i.FLASH_WaitForLastOperation) for FLASH_WaitForLastOperation
    stm32f10x_flash.o(i.FLASH_EnableWriteProtection) refers to stm32f10x_flash.o(i.FLASH_WaitForLastOperation) for FLASH_WaitForLastOperation
    stm32f10x_flash.o(i.FLASH_ReadOutProtection) refers to stm32f10x_flash.o(i.FLASH_WaitForLastOperation) for FLASH_WaitForLastOperation
    stm32f10x_flash.o(i.FLASH_UserOptionByteConfig) refers to stm32f10x_flash.o(i.FLASH_WaitForLastOperation) for FLASH_WaitForLastOperation
    stm32f10x_gpio.o(i.GPIO_DeInit) refers to stm32f10x_rcc.o(i.RCC_APB2PeriphResetCmd) for RCC_APB2PeriphResetCmd
    stm32f10x_gpio.o(i.GPIO_AFIODeInit) refers to stm32f10x_rcc.o(i.RCC_APB2PeriphResetCmd) for RCC_APB2PeriphResetCmd
    stm32f10x_nvic.o(i.NVIC_SETPRIMASK) refers to cortexm3_macro.o(.text) for __SETPRIMASK
    stm32f10x_nvic.o(i.NVIC_RESETPRIMASK) refers to cortexm3_macro.o(.text) for __RESETPRIMASK
    stm32f10x_nvic.o(i.NVIC_SETFAULTMASK) refers to cortexm3_macro.o(.text) for __SETFAULTMASK
    stm32f10x_nvic.o(i.NVIC_RESETFAULTMASK) refers to cortexm3_macro.o(.text) for __RESETFAULTMASK
    stm32f10x_nvic.o(i.NVIC_BASEPRICONFIG) refers to cortexm3_macro.o(.text) for __BASEPRICONFIG
    stm32f10x_nvic.o(i.NVIC_GetBASEPRI) refers to cortexm3_macro.o(.text) for __GetBASEPRI
    stm32f10x_rcc.o(i.RCC_WaitForHSEStartUp) refers to stm32f10x_rcc.o(i.RCC_GetFlagStatus) for RCC_GetFlagStatus
    stm32f10x_rcc.o(i.RCC_WaitForHSEStartUp) refers to stm32f10x_rcc.o(.data) for .data
    stm32f10x_rcc.o(i.RCC_GetClocksFreq) refers to stm32f10x_rcc.o(.constdata) for .constdata
    stm32f10x_spi.o(i.SPI_I2S_DeInit) refers to stm32f10x_rcc.o(i.RCC_APB2PeriphResetCmd) for RCC_APB2PeriphResetCmd
    stm32f10x_spi.o(i.SPI_I2S_DeInit) refers to stm32f10x_rcc.o(i.RCC_APB1PeriphResetCmd) for RCC_APB1PeriphResetCmd
    stm32f10x_spi.o(i.I2S_Init) refers to stm32f10x_rcc.o(i.RCC_GetClocksFreq) for RCC_GetClocksFreq
    entry.o(.ARM.Collect$$$$00000000) refers (Special) to entry7.o(.ARM.Collect$$$$00000007) for _main_init
    entry.o(.ARM.Collect$$$$00000000) refers (Special) to entry5.o(.ARM.Collect$$$$00000004) for _main_scatterload
    entry.o(.ARM.Collect$$$$00000000) refers (Special) to entry2.o(.ARM.Collect$$$$00000001) for _main_stk
    entry2.o(.ARM.Collect$$$$00000001) refers to entry2.o(.ARM.Collect$$$$00002712) for __lit__00000000
    entry2.o(.ARM.Collect$$$$00002712) refers to stm32f10x_vector.o(STACK) for __initial_sp
    entry2.o(__vectab_stack_and_reset_area) refers to stm32f10x_vector.o(STACK) for __initial_sp
    entry2.o(__vectab_stack_and_reset_area) refers to entry.o(.ARM.Collect$$$$00000000) for __main
    entry5.o(.ARM.Collect$$$$00000004) refers to init.o(.text) for __scatterload
    entry7.o(.ARM.Collect$$$$00000007) refers to main.o(i.main) for main
    init.o(.text) refers to entry5.o(.ARM.Collect$$$$00000004) for __main_after_scatterload


==============================================================================

Removing Unused input sections from the image.

    Removing main.o(.bss), (4096 bytes).
    Removing timer.o(i.Delayms), (20 bytes).
    Removing mystdlib.o(i.Check_Sum), (52 bytes).
    Removing mystdlib.o(i.swp16HL), (12 bytes).
    Removing bsp.o(i.UnableJTAG), (40 bytes).
    Removing watchdog.o(i.ShortTimeIwdgSetup), (32 bytes).
    Removing watchdog.o(i.Watchdog), (16 bytes).
    Removing nrf24l01.o(i.RX_Mode), (112 bytes).
    Removing nrf24l01.o(i.SPI_RD_Reg), (28 bytes).
    Removing nrf24l01.o(i.nRF24L01_RxPacket), (42 bytes).
    Removing stm32f10x_vector.o(HEAP), (1024 bytes).
    Removing stm32f10x_flash.o(i.FLASH_HalfCycleAccessCmd), (24 bytes).
    Removing stm32f10x_flash.o(i.FLASH_Unlock), (24 bytes).
    Removing stm32f10x_flash.o(i.FLASH_Lock), (16 bytes).
    Removing stm32f10x_flash.o(i.FLASH_GetStatus), (40 bytes).
    Removing stm32f10x_flash.o(i.FLASH_WaitForLastOperation), (40 bytes).
    Removing stm32f10x_flash.o(i.FLASH_ErasePage), (64 bytes).
    Removing stm32f10x_flash.o(i.FLASH_EraseAllPages), (60 bytes).
    Removing stm32f10x_flash.o(i.FLASH_EraseOptionBytes), (116 bytes).
    Removing stm32f10x_flash.o(i.FLASH_ProgramWord), (68 bytes).
    Removing stm32f10x_flash.o(i.FLASH_ProgramHalfWord), (56 bytes).
    Removing stm32f10x_flash.o(i.FLASH_ProgramOptionByteData), (72 bytes).
    Removing stm32f10x_flash.o(i.FLASH_EnableWriteProtection), (168 bytes).
    Removing stm32f10x_flash.o(i.FLASH_ReadOutProtection), (136 bytes).
    Removing stm32f10x_flash.o(i.FLASH_UserOptionByteConfig), (88 bytes).
    Removing stm32f10x_flash.o(i.FLASH_GetUserOptionByte), (12 bytes).
    Removing stm32f10x_flash.o(i.FLASH_GetWriteProtectionOptionByte), (12 bytes).
    Removing stm32f10x_flash.o(i.FLASH_GetReadOutProtectionStatus), (20 bytes).
    Removing stm32f10x_flash.o(i.FLASH_GetPrefetchBufferStatus), (20 bytes).
    Removing stm32f10x_flash.o(i.FLASH_ITConfig), (24 bytes).
    Removing stm32f10x_flash.o(i.FLASH_GetFlagStatus), (32 bytes).
    Removing stm32f10x_flash.o(i.FLASH_ClearFlag), (12 bytes).
    Removing stm32f10x_gpio.o(i.GPIO_DeInit), (160 bytes).
    Removing stm32f10x_gpio.o(i.GPIO_AFIODeInit), (22 bytes).
    Removing stm32f10x_gpio.o(i.GPIO_StructInit), (16 bytes).
    Removing stm32f10x_gpio.o(i.GPIO_ReadInputDataBit), (14 bytes).
    Removing stm32f10x_gpio.o(i.GPIO_ReadInputData), (6 bytes).
    Removing stm32f10x_gpio.o(i.GPIO_ReadOutputDataBit), (14 bytes).
    Removing stm32f10x_gpio.o(i.GPIO_ReadOutputData), (6 bytes).
    Removing stm32f10x_gpio.o(i.GPIO_WriteBit), (10 bytes).
    Removing stm32f10x_gpio.o(i.GPIO_Write), (4 bytes).
    Removing stm32f10x_gpio.o(i.GPIO_PinLockConfig), (16 bytes).
    Removing stm32f10x_gpio.o(i.GPIO_EventOutputConfig), (28 bytes).
    Removing stm32f10x_gpio.o(i.GPIO_EventOutputCmd), (12 bytes).
    Removing stm32f10x_gpio.o(i.GPIO_PinRemapConfig), (72 bytes).
    Removing stm32f10x_gpio.o(i.GPIO_EXTILineConfig), (40 bytes).
    Removing stm32f10x_nvic.o(i.NVIC_DeInit), (44 bytes).
    Removing stm32f10x_nvic.o(i.NVIC_SCBDeInit), (68 bytes).
    Removing stm32f10x_nvic.o(i.NVIC_StructInit), (12 bytes).
    Removing stm32f10x_nvic.o(i.NVIC_SETPRIMASK), (4 bytes).
    Removing stm32f10x_nvic.o(i.NVIC_RESETPRIMASK), (4 bytes).
    Removing stm32f10x_nvic.o(i.NVIC_SETFAULTMASK), (4 bytes).
    Removing stm32f10x_nvic.o(i.NVIC_RESETFAULTMASK), (4 bytes).
    Removing stm32f10x_nvic.o(i.NVIC_BASEPRICONFIG), (6 bytes).
    Removing stm32f10x_nvic.o(i.NVIC_GetBASEPRI), (4 bytes).
    Removing stm32f10x_nvic.o(i.NVIC_GetCurrentPendingIRQChannel), (16 bytes).
    Removing stm32f10x_nvic.o(i.NVIC_GetIRQChannelPendingBitStatus), (34 bytes).
    Removing stm32f10x_nvic.o(i.NVIC_SetIRQChannelPendingBit), (12 bytes).
    Removing stm32f10x_nvic.o(i.NVIC_ClearIRQChannelPendingBit), (24 bytes).
    Removing stm32f10x_nvic.o(i.NVIC_GetCurrentActiveHandler), (16 bytes).
    Removing stm32f10x_nvic.o(i.NVIC_GetIRQChannelActiveBitStatus), (34 bytes).
    Removing stm32f10x_nvic.o(i.NVIC_GetCPUID), (12 bytes).
    Removing stm32f10x_nvic.o(i.NVIC_GenerateSystemReset), (16 bytes).
    Removing stm32f10x_nvic.o(i.NVIC_GenerateCoreReset), (16 bytes).
    Removing stm32f10x_nvic.o(i.NVIC_SystemLPConfig), (24 bytes).
    Removing stm32f10x_nvic.o(i.NVIC_SystemHandlerConfig), (32 bytes).
    Removing stm32f10x_nvic.o(i.NVIC_SystemHandlerPriorityConfig), (76 bytes).
    Removing stm32f10x_nvic.o(i.NVIC_GetSystemHandlerPendingBitStatus), (32 bytes).
    Removing stm32f10x_nvic.o(i.NVIC_SetSystemHandlerPendingBit), (24 bytes).
    Removing stm32f10x_nvic.o(i.NVIC_ClearSystemHandlerPendingBit), (24 bytes).
    Removing stm32f10x_nvic.o(i.NVIC_GetSystemHandlerActiveBitStatus), (32 bytes).
    Removing stm32f10x_nvic.o(i.NVIC_GetFaultHandlerSources), (54 bytes).
    Removing stm32f10x_nvic.o(i.NVIC_GetFaultAddress), (22 bytes).
    Removing stm32f10x_rcc.o(i.RCC_AdjustHSICalibrationValue), (20 bytes).
    Removing stm32f10x_rcc.o(i.RCC_HSICmd), (12 bytes).
    Removing stm32f10x_rcc.o(i.RCC_ITConfig), (24 bytes).
    Removing stm32f10x_rcc.o(i.RCC_USBCLKConfig), (12 bytes).
    Removing stm32f10x_rcc.o(i.RCC_ADCCLKConfig), (20 bytes).
    Removing stm32f10x_rcc.o(i.RCC_LSEConfig), (32 bytes).
    Removing stm32f10x_rcc.o(i.RCC_LSICmd), (12 bytes).
    Removing stm32f10x_rcc.o(i.RCC_RTCCLKConfig), (16 bytes).
    Removing stm32f10x_rcc.o(i.RCC_RTCCLKCmd), (12 bytes).
    Removing stm32f10x_rcc.o(i.RCC_GetClocksFreq), (148 bytes).
    Removing stm32f10x_rcc.o(i.RCC_AHBPeriphClockCmd), (24 bytes).
    Removing stm32f10x_rcc.o(i.RCC_APB2PeriphResetCmd), (24 bytes).
    Removing stm32f10x_rcc.o(i.RCC_APB1PeriphResetCmd), (24 bytes).
    Removing stm32f10x_rcc.o(i.RCC_BackupResetCmd), (12 bytes).
    Removing stm32f10x_rcc.o(i.RCC_ClockSecuritySystemCmd), (12 bytes).
    Removing stm32f10x_rcc.o(i.RCC_MCOConfig), (12 bytes).
    Removing stm32f10x_rcc.o(i.RCC_ClearFlag), (16 bytes).
    Removing stm32f10x_rcc.o(i.RCC_GetITStatus), (20 bytes).
    Removing stm32f10x_rcc.o(i.RCC_ClearITPendingBit), (12 bytes).
    Removing stm32f10x_rcc.o(.constdata), (20 bytes).
    Removing stm32f10x_spi.o(i.SPI_I2S_DeInit), (76 bytes).
    Removing stm32f10x_spi.o(i.I2S_Init), (148 bytes).
    Removing stm32f10x_spi.o(i.SPI_StructInit), (24 bytes).
    Removing stm32f10x_spi.o(i.I2S_StructInit), (18 bytes).
    Removing stm32f10x_spi.o(i.I2S_Cmd), (20 bytes).
    Removing stm32f10x_spi.o(i.SPI_I2S_ITConfig), (24 bytes).
    Removing stm32f10x_spi.o(i.SPI_I2S_DMACmd), (16 bytes).
    Removing stm32f10x_spi.o(i.SPI_NSSInternalSoftwareConfig), (24 bytes).
    Removing stm32f10x_spi.o(i.SPI_SSOutputCmd), (20 bytes).
    Removing stm32f10x_spi.o(i.SPI_DataSizeConfig), (16 bytes).
    Removing stm32f10x_spi.o(i.SPI_TransmitCRC), (10 bytes).
    Removing stm32f10x_spi.o(i.SPI_CalculateCRC), (20 bytes).
    Removing stm32f10x_spi.o(i.SPI_GetCRC), (12 bytes).
    Removing stm32f10x_spi.o(i.SPI_GetCRCPolynomial), (4 bytes).
    Removing stm32f10x_spi.o(i.SPI_BiDirectionalLineConfig), (22 bytes).
    Removing stm32f10x_spi.o(i.SPI_I2S_ClearFlag), (34 bytes).
    Removing stm32f10x_spi.o(i.SPI_I2S_GetITStatus), (44 bytes).
    Removing stm32f10x_spi.o(i.SPI_I2S_ClearITPendingBit), (42 bytes).
    Removing stm32f10x_systick.o(i.SysTick_CLKSourceConfig), (24 bytes).
    Removing stm32f10x_systick.o(i.SysTick_GetCounter), (8 bytes).
    Removing stm32f10x_systick.o(i.SysTick_GetFlagStatus), (32 bytes).
    Removing cortexm3_macro.o(.text), (122 bytes).

115 unused section(s) (total 8892 bytes) removed from the image.

==============================================================================

Image Symbol Table

    Local Symbols

    Symbol Name                              Value     Ov Type        Size  Object(Section)

    ../../microlib/init/entry.s              0x00000000   Number         0  entry2.o ABSOLUTE
    ../../microlib/init/entry.s              0x00000000   Number         0  entry.o ABSOLUTE
    ../../microlib/init/entry.s              0x00000000   Number         0  entry7.o ABSOLUTE
    ../../microlib/init/entry.s              0x00000000   Number         0  entry5.o ABSOLUTE
    ../../microlib/string/memcpy.c           0x00000000   Number         0  memcpya.o ABSOLUTE
    ../../microlib/string/memcpy.c           0x00000000   Number         0  memcpyb.o ABSOLUTE
    ..\NRF24L01\nrf24l01.c                   0x00000000   Number         0  nrf24l01.o ABSOLUTE
    ..\bsp\bsp.c                             0x00000000   Number         0  bsp.o ABSOLUTE
    ..\bsp\watchdog.c                        0x00000000   Number         0  watchdog.o ABSOLUTE
    ..\memory\spi.c                          0x00000000   Number         0  spi.o ABSOLUTE
    MyStdlib.c                               0x00000000   Number         0  mystdlib.o ABSOLUTE
    cortexm3_macro.s                         0x00000000   Number         0  cortexm3_macro.o ABSOLUTE
    dc.s                                     0x00000000   Number         0  dc.o ABSOLUTE
    handlers.s                               0x00000000   Number         0  handlers.o ABSOLUTE
    init.s                                   0x00000000   Number         0  init.o ABSOLUTE
    main.c                                   0x00000000   Number         0  main.o ABSOLUTE
    stm32f10x_flash.c                        0x00000000   Number         0  stm32f10x_flash.o ABSOLUTE
    stm32f10x_gpio.c                         0x00000000   Number         0  stm32f10x_gpio.o ABSOLUTE
    stm32f10x_it.c                           0x00000000   Number         0  stm32f10x_it.o ABSOLUTE
    stm32f10x_nvic.c                         0x00000000   Number         0  stm32f10x_nvic.o ABSOLUTE
    stm32f10x_rcc.c                          0x00000000   Number         0  stm32f10x_rcc.o ABSOLUTE
    stm32f10x_spi.c                          0x00000000   Number         0  stm32f10x_spi.o ABSOLUTE
    stm32f10x_systick.c                      0x00000000   Number         0  stm32f10x_systick.o ABSOLUTE
    stm32f10x_vector.s                       0x00000000   Number         0  stm32f10x_vector.o ABSOLUTE
    timer.c                                  0x00000000   Number         0  timer.o ABSOLUTE
    RESET                                    0x20000000   Section      304  stm32f10x_vector.o(RESET)
    .ARM.Collect$$$$00000000                 0x20000130   Section        0  entry.o(.ARM.Collect$$$$00000000)
    .ARM.Collect$$$$00000001                 0x20000130   Section        4  entry2.o(.ARM.Collect$$$$00000001)
    .ARM.Collect$$$$00000004                 0x20000134   Section        4  entry5.o(.ARM.Collect$$$$00000004)
    .ARM.Collect$$$$00000007                 0x20000138   Section        8  entry7.o(.ARM.Collect$$$$00000007)
    .ARM.Collect$$$$00002712                 0x20000140   Section        4  entry2.o(.ARM.Collect$$$$00002712)
    __lit__00000000                          0x20000140   Data           4  entry2.o(.ARM.Collect$$$$00002712)
    .text                                    0x20000144   Section        8  stm32f10x_vector.o(.text)
    .text                                    0x2000014c   Section       36  memcpya.o(.text)
    .text                                    0x20000170   Section       36  init.o(.text)
    i.ADC1_2_IRQHandler                      0x20000194   Section        2  stm32f10x_it.o(i.ADC1_2_IRQHandler)
    i.ADC3_IRQHandler                        0x20000196   Section        2  stm32f10x_it.o(i.ADC3_IRQHandler)
    i.BusFaultException                      0x20000198   Section        2  stm32f10x_it.o(i.BusFaultException)
    i.CAN_RX1_IRQHandler                     0x2000019a   Section        2  stm32f10x_it.o(i.CAN_RX1_IRQHandler)
    i.CAN_SCE_IRQHandler                     0x2000019c   Section        2  stm32f10x_it.o(i.CAN_SCE_IRQHandler)
    i.DMA1_Channel1_IRQHandler               0x2000019e   Section        2  stm32f10x_it.o(i.DMA1_Channel1_IRQHandler)
    i.DMA1_Channel2_IRQHandler               0x200001a0   Section        2  stm32f10x_it.o(i.DMA1_Channel2_IRQHandler)
    i.DMA1_Channel3_IRQHandler               0x200001a2   Section        2  stm32f10x_it.o(i.DMA1_Channel3_IRQHandler)
    i.DMA1_Channel4_IRQHandler               0x200001a4   Section        2  stm32f10x_it.o(i.DMA1_Channel4_IRQHandler)
    i.DMA1_Channel5_IRQHandler               0x200001a6   Section        2  stm32f10x_it.o(i.DMA1_Channel5_IRQHandler)
    i.DMA1_Channel6_IRQHandler               0x200001a8   Section        2  stm32f10x_it.o(i.DMA1_Channel6_IRQHandler)
    i.DMA1_Channel7_IRQHandler               0x200001aa   Section        2  stm32f10x_it.o(i.DMA1_Channel7_IRQHandler)
    i.DMA2_Channel1_IRQHandler               0x200001ac   Section        2  stm32f10x_it.o(i.DMA2_Channel1_IRQHandler)
    i.DMA2_Channel2_IRQHandler               0x200001ae   Section        2  stm32f10x_it.o(i.DMA2_Channel2_IRQHandler)
    i.DMA2_Channel3_IRQHandler               0x200001b0   Section        2  stm32f10x_it.o(i.DMA2_Channel3_IRQHandler)
    i.DMA2_Channel4_5_IRQHandler             0x200001b2   Section        2  stm32f10x_it.o(i.DMA2_Channel4_5_IRQHandler)
    i.DebugMonitor                           0x200001b4   Section        2  stm32f10x_it.o(i.DebugMonitor)
    i.Delay_us                               0x200001b6   Section       14  nrf24l01.o(i.Delay_us)
    i.EXTI0_IRQHandler                       0x200001c4   Section        2  stm32f10x_it.o(i.EXTI0_IRQHandler)
    i.EXTI15_10_IRQHandler                   0x200001c6   Section        2  stm32f10x_it.o(i.EXTI15_10_IRQHandler)
    i.EXTI1_IRQHandler                       0x200001c8   Section        2  stm32f10x_it.o(i.EXTI1_IRQHandler)
    i.EXTI2_IRQHandler                       0x200001ca   Section        2  stm32f10x_it.o(i.EXTI2_IRQHandler)
    i.EXTI3_IRQHandler                       0x200001cc   Section        2  stm32f10x_it.o(i.EXTI3_IRQHandler)
    i.EXTI4_IRQHandler                       0x200001ce   Section        2  stm32f10x_it.o(i.EXTI4_IRQHandler)
    i.EXTI9_5_IRQHandler                     0x200001d0   Section        2  stm32f10x_it.o(i.EXTI9_5_IRQHandler)
    i.FLASH_IRQHandler                       0x200001d2   Section        2  stm32f10x_it.o(i.FLASH_IRQHandler)
    i.FLASH_PrefetchBufferCmd                0x200001d4   Section       24  stm32f10x_flash.o(i.FLASH_PrefetchBufferCmd)
    i.FLASH_SetLatency                       0x200001ec   Section       24  stm32f10x_flash.o(i.FLASH_SetLatency)
    i.FSMC_IRQHandler                        0x20000204   Section        2  stm32f10x_it.o(i.FSMC_IRQHandler)
    i.GPIO_Configuration                     0x20000208   Section       88  bsp.o(i.GPIO_Configuration)
    i.GPIO_Init                              0x20000260   Section      160  stm32f10x_gpio.o(i.GPIO_Init)
    i.GPIO_ResetBits                         0x20000300   Section        4  stm32f10x_gpio.o(i.GPIO_ResetBits)
    i.GPIO_SetBits                           0x20000304   Section        4  stm32f10x_gpio.o(i.GPIO_SetBits)
    i.HardFaultException                     0x20000308   Section        2  stm32f10x_it.o(i.HardFaultException)
    i.I2C1_ER_IRQHandler                     0x2000030a   Section        2  stm32f10x_it.o(i.I2C1_ER_IRQHandler)
    i.I2C1_EV_IRQHandler                     0x2000030c   Section        2  stm32f10x_it.o(i.I2C1_EV_IRQHandler)
    i.I2C2_ER_IRQHandler                     0x2000030e   Section        2  stm32f10x_it.o(i.I2C2_ER_IRQHandler)
    i.I2C2_EV_IRQHandler                     0x20000310   Section        2  stm32f10x_it.o(i.I2C2_EV_IRQHandler)
    i.LEDFlash                               0x20000314   Section       56  main.o(i.LEDFlash)
    i.MemManageException                     0x2000034c   Section        2  stm32f10x_it.o(i.MemManageException)
    i.NMIException                           0x2000034e   Section        2  stm32f10x_it.o(i.NMIException)
    i.NRF_Send                               0x20000350   Section      120  nrf24l01.o(i.NRF_Send)
    i.NVIC_Configuration                     0x200003c8   Section       46  bsp.o(i.NVIC_Configuration)
    i.NVIC_Init                              0x200003f6   Section      116  stm32f10x_nvic.o(i.NVIC_Init)
    i.NVIC_PriorityGroupConfig               0x2000046c   Section       20  stm32f10x_nvic.o(i.NVIC_PriorityGroupConfig)
    i.NVIC_SetVectorTable                    0x20000480   Section       20  stm32f10x_nvic.o(i.NVIC_SetVectorTable)
    i.PVD_IRQHandler                         0x20000494   Section        2  stm32f10x_it.o(i.PVD_IRQHandler)
    i.PendSVC                                0x20000496   Section        2  stm32f10x_it.o(i.PendSVC)
    i.RCC_APB1PeriphClockCmd                 0x20000498   Section       24  stm32f10x_rcc.o(i.RCC_APB1PeriphClockCmd)
    i.RCC_APB2PeriphClockCmd                 0x200004b0   Section       24  stm32f10x_rcc.o(i.RCC_APB2PeriphClockCmd)
    i.RCC_Configuration                      0x200004c8   Section      116  bsp.o(i.RCC_Configuration)
    i.RCC_DeInit                             0x2000053c   Section       60  stm32f10x_rcc.o(i.RCC_DeInit)
    i.RCC_GetFlagStatus                      0x20000578   Section       48  stm32f10x_rcc.o(i.RCC_GetFlagStatus)
    i.RCC_GetSYSCLKSource                    0x200005a8   Section       16  stm32f10x_rcc.o(i.RCC_GetSYSCLKSource)
    i.RCC_HCLKConfig                         0x200005b8   Section       20  stm32f10x_rcc.o(i.RCC_HCLKConfig)
    i.RCC_HSEConfig                          0x200005cc   Section       52  stm32f10x_rcc.o(i.RCC_HSEConfig)
    i.RCC_IRQHandler                         0x20000600   Section        2  stm32f10x_it.o(i.RCC_IRQHandler)
    i.RCC_PCLK1Config                        0x20000604   Section       20  stm32f10x_rcc.o(i.RCC_PCLK1Config)
    i.RCC_PCLK2Config                        0x20000618   Section       20  stm32f10x_rcc.o(i.RCC_PCLK2Config)
    i.RCC_PLLCmd                             0x2000062c   Section       12  stm32f10x_rcc.o(i.RCC_PLLCmd)
    i.RCC_PLLConfig                          0x20000638   Section       20  stm32f10x_rcc.o(i.RCC_PLLConfig)
    i.RCC_SYSCLKConfig                       0x2000064c   Section       20  stm32f10x_rcc.o(i.RCC_SYSCLKConfig)
    i.RCC_WaitForHSEStartUp                  0x20000660   Section       52  stm32f10x_rcc.o(i.RCC_WaitForHSEStartUp)
    i.RTCAlarm_IRQHandler                    0x20000694   Section        2  stm32f10x_it.o(i.RTCAlarm_IRQHandler)
    i.RTC_IRQHandler                         0x20000696   Section        2  stm32f10x_it.o(i.RTC_IRQHandler)
    i.SDIO_IRQHandler                        0x20000698   Section        2  stm32f10x_it.o(i.SDIO_IRQHandler)
    i.SPI1_IRQHandler                        0x2000069a   Section        2  stm32f10x_it.o(i.SPI1_IRQHandler)
    i.SPI2_IRQHandler                        0x2000069c   Section        2  stm32f10x_it.o(i.SPI2_IRQHandler)
    i.SPI3_IRQHandler                        0x2000069e   Section        2  stm32f10x_it.o(i.SPI3_IRQHandler)
    i.SPI_Cmd                                0x200006a0   Section       20  stm32f10x_spi.o(i.SPI_Cmd)
    i.SPI_I2S_GetFlagStatus                  0x200006b4   Section       14  stm32f10x_spi.o(i.SPI_I2S_GetFlagStatus)
    i.SPI_I2S_ReceiveData                    0x200006c2   Section        4  stm32f10x_spi.o(i.SPI_I2S_ReceiveData)
    i.SPI_I2S_SendData                       0x200006c6   Section        4  stm32f10x_spi.o(i.SPI_I2S_SendData)
    i.SPI_Init                               0x200006ca   Section       56  stm32f10x_spi.o(i.SPI_Init)
    i.SPI_Read_Buf                           0x20000704   Section       60  nrf24l01.o(i.SPI_Read_Buf)
    i.SPI_Send_Byte                          0x20000740   Section       52  spi.o(i.SPI_Send_Byte)
    i.SPI_WR_Reg                             0x20000774   Section       36  nrf24l01.o(i.SPI_WR_Reg)
    i.SPI_Write_Buf                          0x20000798   Section       60  nrf24l01.o(i.SPI_Write_Buf)
    i.SVCHandler                             0x200007d4   Section        2  stm32f10x_it.o(i.SVCHandler)
    i.SysTickHandler                         0x200007d6   Section        4  stm32f10x_it.o(i.SysTickHandler)
    i.SysTick_CounterCmd                     0x200007da   Section       36  stm32f10x_systick.o(i.SysTick_CounterCmd)
    i.SysTick_ITConfig                       0x200007fe   Section       24  stm32f10x_systick.o(i.SysTick_ITConfig)
    i.SysTick_Init                           0x20000816   Section       26  timer.o(i.SysTick_Init)
    i.SysTick_SetReload                      0x20000830   Section        8  stm32f10x_systick.o(i.SysTick_SetReload)
    i.TAMPER_IRQHandler                      0x20000838   Section        2  stm32f10x_it.o(i.TAMPER_IRQHandler)
    i.TIM1_BRK_IRQHandler                    0x2000083a   Section        2  stm32f10x_it.o(i.TIM1_BRK_IRQHandler)
    i.TIM1_CC_IRQHandler                     0x2000083c   Section        2  stm32f10x_it.o(i.TIM1_CC_IRQHandler)
    i.TIM1_TRG_COM_IRQHandler                0x2000083e   Section        2  stm32f10x_it.o(i.TIM1_TRG_COM_IRQHandler)
    i.TIM1_UP_IRQHandler                     0x20000840   Section        2  stm32f10x_it.o(i.TIM1_UP_IRQHandler)
    i.TIM2_IRQHandler                        0x20000842   Section        2  stm32f10x_it.o(i.TIM2_IRQHandler)
    i.TIM3_IRQHandler                        0x20000844   Section        2  stm32f10x_it.o(i.TIM3_IRQHandler)
    i.TIM4_IRQHandler                        0x20000846   Section        2  stm32f10x_it.o(i.TIM4_IRQHandler)
    i.TIM5_IRQHandler                        0x20000848   Section        2  stm32f10x_it.o(i.TIM5_IRQHandler)
    i.TIM6_IRQHandler                        0x2000084a   Section        2  stm32f10x_it.o(i.TIM6_IRQHandler)
    i.TIM7_IRQHandler                        0x2000084c   Section        2  stm32f10x_it.o(i.TIM7_IRQHandler)
    i.TIM8_BRK_IRQHandler                    0x2000084e   Section        2  stm32f10x_it.o(i.TIM8_BRK_IRQHandler)
    i.TIM8_CC_IRQHandler                     0x20000850   Section        2  stm32f10x_it.o(i.TIM8_CC_IRQHandler)
    i.TIM8_TRG_COM_IRQHandler                0x20000852   Section        2  stm32f10x_it.o(i.TIM8_TRG_COM_IRQHandler)
    i.TIM8_UP_IRQHandler                     0x20000854   Section        2  stm32f10x_it.o(i.TIM8_UP_IRQHandler)
    i.TX_Mode                                0x20000858   Section       92  nrf24l01.o(i.TX_Mode)
    i.TimingDelay_Decrement                  0x200008b4   Section       16  timer.o(i.TimingDelay_Decrement)
    i.UART4_IRQHandler                       0x200008c4   Section        2  stm32f10x_it.o(i.UART4_IRQHandler)
    i.UART5_IRQHandler                       0x200008c6   Section        2  stm32f10x_it.o(i.UART5_IRQHandler)
    i.USART1_IRQHandler                      0x200008c8   Section        2  stm32f10x_it.o(i.USART1_IRQHandler)
    i.USART2_IRQHandler                      0x200008ca   Section        2  stm32f10x_it.o(i.USART2_IRQHandler)
    i.USART3_IRQHandler                      0x200008cc   Section        2  stm32f10x_it.o(i.USART3_IRQHandler)
    i.USBWakeUp_IRQHandler                   0x200008ce   Section        2  stm32f10x_it.o(i.USBWakeUp_IRQHandler)
    i.USB_HP_CAN_TX_IRQHandler               0x200008d0   Section        2  stm32f10x_it.o(i.USB_HP_CAN_TX_IRQHandler)
    i.USB_LP_CAN_RX0_IRQHandler              0x200008d2   Section        2  stm32f10x_it.o(i.USB_LP_CAN_RX0_IRQHandler)
    i.UsageFaultException                    0x200008d4   Section        2  stm32f10x_it.o(i.UsageFaultException)
    i.WWDG_IRQHandler                        0x200008d6   Section        2  stm32f10x_it.o(i.WWDG_IRQHandler)
    i.__scatterload_copy                     0x200008d8   Section       14  handlers.o(i.__scatterload_copy)
    i.__scatterload_null                     0x200008e6   Section        2  handlers.o(i.__scatterload_null)
    i.__scatterload_zeroinit                 0x200008e8   Section       14  handlers.o(i.__scatterload_zeroinit)
    i.init_NRF24L01                          0x200008f8   Section       44  nrf24l01.o(i.init_NRF24L01)
    i.main                                   0x20000924   Section       42  main.o(i.main)
    i.mySPI_Init                             0x20000950   Section      160  spi.o(i.mySPI_Init)
    i.nRF24L01_TxPacket                      0x200009f0   Section       44  nrf24l01.o(i.nRF24L01_TxPacket)
    .data                                    0x20003000   Section       12  main.o(.data)
    flag                                     0x20003000   Data           1  main.o(.data)
    counter                                  0x20003004   Data           4  main.o(.data)
    .data                                    0x2000300c   Section       18  nrf24l01.o(.data)
    flag                                     0x2000300c   Data           1  nrf24l01.o(.data)
    counter                                  0x20003010   Data           4  nrf24l01.o(.data)
    .data                                    0x20003020   Section        8  stm32f10x_rcc.o(.data)
    HSEStatus                                0x20003020   Data           1  stm32f10x_rcc.o(.data)
    StartUpCounter                           0x20003024   Data           4  stm32f10x_rcc.o(.data)
    .bss                                     0x20003028   Section       32  nrf24l01.o(.bss)
    STACK                                    0x20003048   Section     1024  stm32f10x_vector.o(STACK)

    Global Symbols

    Symbol Name                              Value     Ov Type        Size  Object(Section)

    BuildAttributes$$THM_ISAv4$P$D$K$B$S$PE$A:L22UL41UL21$X:L11$S22US41US21$IEEE1$IW$USESV6$~STKCKD$USESV7$~SHL$OSPACE$EBA8$MICROLIB$REQ8$PRES8$EABIv2 0x00000000   Number         0  anon$$obj.o ABSOLUTE
    __ARM_use_no_argv                        0x00000000   Number         0  main.o ABSOLUTE
    __decompress                              - Undefined Weak Reference
    __Vectors                                0x20000000   Data           4  stm32f10x_vector.o(RESET)
    __main                                   0x20000131   Thumb Code     0  entry.o(.ARM.Collect$$$$00000000)
    _main_stk                                0x20000131   Thumb Code     0  entry2.o(.ARM.Collect$$$$00000001)
    _main_scatterload                        0x20000135   Thumb Code     0  entry5.o(.ARM.Collect$$$$00000004)
    __main_after_scatterload                 0x20000139   Thumb Code     0  entry5.o(.ARM.Collect$$$$00000004)
    _main_init                               0x20000139   Thumb Code     0  entry7.o(.ARM.Collect$$$$00000007)
    Reset_Handler                            0x20000145   Thumb Code     4  stm32f10x_vector.o(.text)
    __aeabi_memcpy                           0x2000014d   Thumb Code    36  memcpya.o(.text)
    __aeabi_memcpy4                          0x2000014d   Thumb Code     0  memcpya.o(.text)
    __aeabi_memcpy8                          0x2000014d   Thumb Code     0  memcpya.o(.text)
    __scatterload                            0x20000171   Thumb Code    28  init.o(.text)
    __scatterload_rt2                        0x20000171   Thumb Code     0  init.o(.text)
    ADC1_2_IRQHandler                        0x20000195   Thumb Code     2  stm32f10x_it.o(i.ADC1_2_IRQHandler)
    ADC3_IRQHandler                          0x20000197   Thumb Code     2  stm32f10x_it.o(i.ADC3_IRQHandler)
    BusFaultException                        0x20000199   Thumb Code     2  stm32f10x_it.o(i.BusFaultException)
    CAN_RX1_IRQHandler                       0x2000019b   Thumb Code     2  stm32f10x_it.o(i.CAN_RX1_IRQHandler)
    CAN_SCE_IRQHandler                       0x2000019d   Thumb Code     2  stm32f10x_it.o(i.CAN_SCE_IRQHandler)
    DMA1_Channel1_IRQHandler                 0x2000019f   Thumb Code     2  stm32f10x_it.o(i.DMA1_Channel1_IRQHandler)
    DMA1_Channel2_IRQHandler                 0x200001a1   Thumb Code     2  stm32f10x_it.o(i.DMA1_Channel2_IRQHandler)
    DMA1_Channel3_IRQHandler                 0x200001a3   Thumb Code     2  stm32f10x_it.o(i.DMA1_Channel3_IRQHandler)
    DMA1_Channel4_IRQHandler                 0x200001a5   Thumb Code     2  stm32f10x_it.o(i.DMA1_Channel4_IRQHandler)
    DMA1_Channel5_IRQHandler                 0x200001a7   Thumb Code     2  stm32f10x_it.o(i.DMA1_Channel5_IRQHandler)
    DMA1_Channel6_IRQHandler                 0x200001a9   Thumb Code     2  stm32f10x_it.o(i.DMA1_Channel6_IRQHandler)
    DMA1_Channel7_IRQHandler                 0x200001ab   Thumb Code     2  stm32f10x_it.o(i.DMA1_Channel7_IRQHandler)
    DMA2_Channel1_IRQHandler                 0x200001ad   Thumb Code     2  stm32f10x_it.o(i.DMA2_Channel1_IRQHandler)
    DMA2_Channel2_IRQHandler                 0x200001af   Thumb Code     2  stm32f10x_it.o(i.DMA2_Channel2_IRQHandler)
    DMA2_Channel3_IRQHandler                 0x200001b1   Thumb Code     2  stm32f10x_it.o(i.DMA2_Channel3_IRQHandler)
    DMA2_Channel4_5_IRQHandler               0x200001b3   Thumb Code     2  stm32f10x_it.o(i.DMA2_Channel4_5_IRQHandler)
    DebugMonitor                             0x200001b5   Thumb Code     2  stm32f10x_it.o(i.DebugMonitor)
    Delay_us                                 0x200001b7   Thumb Code    14  nrf24l01.o(i.Delay_us)
    EXTI0_IRQHandler                         0x200001c5   Thumb Code     2  stm32f10x_it.o(i.EXTI0_IRQHandler)
    EXTI15_10_IRQHandler                     0x200001c7   Thumb Code     2  stm32f10x_it.o(i.EXTI15_10_IRQHandler)
    EXTI1_IRQHandler                         0x200001c9   Thumb Code     2  stm32f10x_it.o(i.EXTI1_IRQHandler)
    EXTI2_IRQHandler                         0x200001cb   Thumb Code     2  stm32f10x_it.o(i.EXTI2_IRQHandler)
    EXTI3_IRQHandler                         0x200001cd   Thumb Code     2  stm32f10x_it.o(i.EXTI3_IRQHandler)
    EXTI4_IRQHandler                         0x200001cf   Thumb Code     2  stm32f10x_it.o(i.EXTI4_IRQHandler)
    EXTI9_5_IRQHandler                       0x200001d1   Thumb Code     2  stm32f10x_it.o(i.EXTI9_5_IRQHandler)
    FLASH_IRQHandler                         0x200001d3   Thumb Code     2  stm32f10x_it.o(i.FLASH_IRQHandler)
    FLASH_PrefetchBufferCmd                  0x200001d5   Thumb Code    18  stm32f10x_flash.o(i.FLASH_PrefetchBufferCmd)
    FLASH_SetLatency                         0x200001ed   Thumb Code    18  stm32f10x_flash.o(i.FLASH_SetLatency)
    FSMC_IRQHandler                          0x20000205   Thumb Code     2  stm32f10x_it.o(i.FSMC_IRQHandler)
    GPIO_Configuration                       0x20000209   Thumb Code    80  bsp.o(i.GPIO_Configuration)
    GPIO_Init                                0x20000261   Thumb Code   160  stm32f10x_gpio.o(i.GPIO_Init)
    GPIO_ResetBits                           0x20000301   Thumb Code     4  stm32f10x_gpio.o(i.GPIO_ResetBits)
    GPIO_SetBits                             0x20000305   Thumb Code     4  stm32f10x_gpio.o(i.GPIO_SetBits)
    HardFaultException                       0x20000309   Thumb Code     2  stm32f10x_it.o(i.HardFaultException)
    I2C1_ER_IRQHandler                       0x2000030b   Thumb Code     2  stm32f10x_it.o(i.I2C1_ER_IRQHandler)
    I2C1_EV_IRQHandler                       0x2000030d   Thumb Code     2  stm32f10x_it.o(i.I2C1_EV_IRQHandler)
    I2C2_ER_IRQHandler                       0x2000030f   Thumb Code     2  stm32f10x_it.o(i.I2C2_ER_IRQHandler)
    I2C2_EV_IRQHandler                       0x20000311   Thumb Code     2  stm32f10x_it.o(i.I2C2_EV_IRQHandler)
    LEDFlash                                 0x20000315   Thumb Code    46  main.o(i.LEDFlash)
    MemManageException                       0x2000034d   Thumb Code     2  stm32f10x_it.o(i.MemManageException)
    NMIException                             0x2000034f   Thumb Code     2  stm32f10x_it.o(i.NMIException)
    NRF_Send                                 0x20000351   Thumb Code    60  nrf24l01.o(i.NRF_Send)
    NVIC_Configuration                       0x200003c9   Thumb Code    46  bsp.o(i.NVIC_Configuration)
    NVIC_Init                                0x200003f7   Thumb Code   116  stm32f10x_nvic.o(i.NVIC_Init)
    NVIC_PriorityGroupConfig                 0x2000046d   Thumb Code    10  stm32f10x_nvic.o(i.NVIC_PriorityGroupConfig)
    NVIC_SetVectorTable                      0x20000481   Thumb Code    12  stm32f10x_nvic.o(i.NVIC_SetVectorTable)
    PVD_IRQHandler                           0x20000495   Thumb Code     2  stm32f10x_it.o(i.PVD_IRQHandler)
    PendSVC                                  0x20000497   Thumb Code     2  stm32f10x_it.o(i.PendSVC)
    RCC_APB1PeriphClockCmd                   0x20000499   Thumb Code    18  stm32f10x_rcc.o(i.RCC_APB1PeriphClockCmd)
    RCC_APB2PeriphClockCmd                   0x200004b1   Thumb Code    18  stm32f10x_rcc.o(i.RCC_APB2PeriphClockCmd)
    RCC_Configuration                        0x200004c9   Thumb Code   116  bsp.o(i.RCC_Configuration)
    RCC_DeInit                               0x2000053d   Thumb Code    48  stm32f10x_rcc.o(i.RCC_DeInit)
    RCC_GetFlagStatus                        0x20000579   Thumb Code    42  stm32f10x_rcc.o(i.RCC_GetFlagStatus)
    RCC_GetSYSCLKSource                      0x200005a9   Thumb Code    10  stm32f10x_rcc.o(i.RCC_GetSYSCLKSource)
    RCC_HCLKConfig                           0x200005b9   Thumb Code    14  stm32f10x_rcc.o(i.RCC_HCLKConfig)
    RCC_HSEConfig                            0x200005cd   Thumb Code    48  stm32f10x_rcc.o(i.RCC_HSEConfig)
    RCC_IRQHandler                           0x20000601   Thumb Code     2  stm32f10x_it.o(i.RCC_IRQHandler)
    RCC_PCLK1Config                          0x20000605   Thumb Code    14  stm32f10x_rcc.o(i.RCC_PCLK1Config)
    RCC_PCLK2Config                          0x20000619   Thumb Code    16  stm32f10x_rcc.o(i.RCC_PCLK2Config)
    RCC_PLLCmd                               0x2000062d   Thumb Code     6  stm32f10x_rcc.o(i.RCC_PLLCmd)
    RCC_PLLConfig                            0x20000639   Thumb Code    16  stm32f10x_rcc.o(i.RCC_PLLConfig)
    RCC_SYSCLKConfig                         0x2000064d   Thumb Code    14  stm32f10x_rcc.o(i.RCC_SYSCLKConfig)
    RCC_WaitForHSEStartUp                    0x20000661   Thumb Code    46  stm32f10x_rcc.o(i.RCC_WaitForHSEStartUp)
    RTCAlarm_IRQHandler                      0x20000695   Thumb Code     2  stm32f10x_it.o(i.RTCAlarm_IRQHandler)
    RTC_IRQHandler                           0x20000697   Thumb Code     2  stm32f10x_it.o(i.RTC_IRQHandler)
    SDIO_IRQHandler                          0x20000699   Thumb Code     2  stm32f10x_it.o(i.SDIO_IRQHandler)
    SPI1_IRQHandler                          0x2000069b   Thumb Code     2  stm32f10x_it.o(i.SPI1_IRQHandler)
    SPI2_IRQHandler                          0x2000069d   Thumb Code     2  stm32f10x_it.o(i.SPI2_IRQHandler)
    SPI3_IRQHandler                          0x2000069f   Thumb Code     2  stm32f10x_it.o(i.SPI3_IRQHandler)
    SPI_Cmd                                  0x200006a1   Thumb Code    20  stm32f10x_spi.o(i.SPI_Cmd)
    SPI_I2S_GetFlagStatus                    0x200006b5   Thumb Code    14  stm32f10x_spi.o(i.SPI_I2S_GetFlagStatus)
    SPI_I2S_ReceiveData                      0x200006c3   Thumb Code     4  stm32f10x_spi.o(i.SPI_I2S_ReceiveData)
    SPI_I2S_SendData                         0x200006c7   Thumb Code     4  stm32f10x_spi.o(i.SPI_I2S_SendData)
    SPI_Init                                 0x200006cb   Thumb Code    56  stm32f10x_spi.o(i.SPI_Init)
    SPI_Read_Buf                             0x20000705   Thumb Code    54  nrf24l01.o(i.SPI_Read_Buf)
    SPI_Send_Byte                            0x20000741   Thumb Code    48  spi.o(i.SPI_Send_Byte)
    SPI_WR_Reg                               0x20000775   Thumb Code    30  nrf24l01.o(i.SPI_WR_Reg)
    SPI_Write_Buf                            0x20000799   Thumb Code    54  nrf24l01.o(i.SPI_Write_Buf)
    SVCHandler                               0x200007d5   Thumb Code     2  stm32f10x_it.o(i.SVCHandler)
    SysTickHandler                           0x200007d7   Thumb Code     4  stm32f10x_it.o(i.SysTickHandler)
    SysTick_CounterCmd                       0x200007db   Thumb Code    36  stm32f10x_systick.o(i.SysTick_CounterCmd)
    SysTick_ITConfig                         0x200007ff   Thumb Code    24  stm32f10x_systick.o(i.SysTick_ITConfig)
    SysTick_Init                             0x20000817   Thumb Code    26  timer.o(i.SysTick_Init)
    SysTick_SetReload                        0x20000831   Thumb Code     8  stm32f10x_systick.o(i.SysTick_SetReload)
    TAMPER_IRQHandler                        0x20000839   Thumb Code     2  stm32f10x_it.o(i.TAMPER_IRQHandler)
    TIM1_BRK_IRQHandler                      0x2000083b   Thumb Code     2  stm32f10x_it.o(i.TIM1_BRK_IRQHandler)
    TIM1_CC_IRQHandler                       0x2000083d   Thumb Code     2  stm32f10x_it.o(i.TIM1_CC_IRQHandler)
    TIM1_TRG_COM_IRQHandler                  0x2000083f   Thumb Code     2  stm32f10x_it.o(i.TIM1_TRG_COM_IRQHandler)
    TIM1_UP_IRQHandler                       0x20000841   Thumb Code     2  stm32f10x_it.o(i.TIM1_UP_IRQHandler)
    TIM2_IRQHandler                          0x20000843   Thumb Code     2  stm32f10x_it.o(i.TIM2_IRQHandler)
    TIM3_IRQHandler                          0x20000845   Thumb Code     2  stm32f10x_it.o(i.TIM3_IRQHandler)
    TIM4_IRQHandler                          0x20000847   Thumb Code     2  stm32f10x_it.o(i.TIM4_IRQHandler)
    TIM5_IRQHandler                          0x20000849   Thumb Code     2  stm32f10x_it.o(i.TIM5_IRQHandler)
    TIM6_IRQHandler                          0x2000084b   Thumb Code     2  stm32f10x_it.o(i.TIM6_IRQHandler)
    TIM7_IRQHandler                          0x2000084d   Thumb Code     2  stm32f10x_it.o(i.TIM7_IRQHandler)
    TIM8_BRK_IRQHandler                      0x2000084f   Thumb Code     2  stm32f10x_it.o(i.TIM8_BRK_IRQHandler)
    TIM8_CC_IRQHandler                       0x20000851   Thumb Code     2  stm32f10x_it.o(i.TIM8_CC_IRQHandler)
    TIM8_TRG_COM_IRQHandler                  0x20000853   Thumb Code     2  stm32f10x_it.o(i.TIM8_TRG_COM_IRQHandler)
    TIM8_UP_IRQHandler                       0x20000855   Thumb Code     2  stm32f10x_it.o(i.TIM8_UP_IRQHandler)
    TX_Mode                                  0x20000859   Thumb Code    84  nrf24l01.o(i.TX_Mode)
    TimingDelay_Decrement                    0x200008b5   Thumb Code    10  timer.o(i.TimingDelay_Decrement)
    UART4_IRQHandler                         0x200008c5   Thumb Code     2  stm32f10x_it.o(i.UART4_IRQHandler)
    UART5_IRQHandler                         0x200008c7   Thumb Code     2  stm32f10x_it.o(i.UART5_IRQHandler)
    USART1_IRQHandler                        0x200008c9   Thumb Code     2  stm32f10x_it.o(i.USART1_IRQHandler)
    USART2_IRQHandler                        0x200008cb   Thumb Code     2  stm32f10x_it.o(i.USART2_IRQHandler)
    USART3_IRQHandler                        0x200008cd   Thumb Code     2  stm32f10x_it.o(i.USART3_IRQHandler)
    USBWakeUp_IRQHandler                     0x200008cf   Thumb Code     2  stm32f10x_it.o(i.USBWakeUp_IRQHandler)
    USB_HP_CAN_TX_IRQHandler                 0x200008d1   Thumb Code     2  stm32f10x_it.o(i.USB_HP_CAN_TX_IRQHandler)
    USB_LP_CAN_RX0_IRQHandler                0x200008d3   Thumb Code     2  stm32f10x_it.o(i.USB_LP_CAN_RX0_IRQHandler)
    UsageFaultException                      0x200008d5   Thumb Code     2  stm32f10x_it.o(i.UsageFaultException)
    WWDG_IRQHandler                          0x200008d7   Thumb Code     2  stm32f10x_it.o(i.WWDG_IRQHandler)
    __scatterload_copy                       0x200008d9   Thumb Code    14  handlers.o(i.__scatterload_copy)
    __scatterload_null                       0x200008e7   Thumb Code     2  handlers.o(i.__scatterload_null)
    __scatterload_zeroinit                   0x200008e9   Thumb Code    14  handlers.o(i.__scatterload_zeroinit)
    init_NRF24L01                            0x200008f9   Thumb Code    38  nrf24l01.o(i.init_NRF24L01)
    main                                     0x20000925   Thumb Code    42  main.o(i.main)
    mySPI_Init                               0x20000951   Thumb Code   150  spi.o(i.mySPI_Init)
    nRF24L01_TxPacket                        0x200009f1   Thumb Code    36  nrf24l01.o(i.nRF24L01_TxPacket)
    Region$$Table$$Base                      0x20000a1c   Number         0  anon$$obj.o(Region$$Table)
    Region$$Table$$Limit                     0x20000a3c   Number         0  anon$$obj.o(Region$$Table)
    gTimer_1ms                               0x20003008   Data           4  main.o(.data)
    TX_ADDRESS                               0x20003014   Data           5  nrf24l01.o(.data)
    RX_ADDRESS                               0x20003019   Data           5  nrf24l01.o(.data)
    TxBuf                                    0x20003028   Data          32  nrf24l01.o(.bss)
    __initial_sp                             0x20003448   Data           0  stm32f10x_vector.o(STACK)



==============================================================================

Memory Map of the image

  Image Entry point : 0x20000131

  Load Region LR_IROM1 (Base: 0x20000000, Size: 0x00000a64, Max: 0x00003000, ABSOLUTE)

    Execution Region ER_IROM1 (Base: 0x20000000, Size: 0x00000a3c, Max: 0x00003000, ABSOLUTE)

    Base Addr    Size         Type   Attr      Idx    E Section Name        Object

    0x20000000   0x00000130   Data   RO          943    RESET               stm32f10x_vector.o
    0x20000130   0x00000000   Code   RO         1810  * .ARM.Collect$$$$00000000  entry.o(mc_w.l)
    0x20000130   0x00000004   Code   RO         1817    .ARM.Collect$$$$00000001  entry2.o(mc_w.l)
    0x20000134   0x00000004   Code   RO         1820    .ARM.Collect$$$$00000004  entry5.o(mc_w.l)
    0x20000138   0x00000008   Code   RO         1821    .ARM.Collect$$$$00000007  entry7.o(mc_w.l)
    0x20000140   0x00000004   Code   RO         1818    .ARM.Collect$$$$00002712  entry2.o(mc_w.l)
    0x20000144   0x00000008   Code   RO          944    .text               stm32f10x_vector.o
    0x2000014c   0x00000024   Code   RO         1813    .text               memcpya.o(mc_w.l)
    0x20000170   0x00000024   Code   RO         1822    .text               init.o(mc_w.l)
    0x20000194   0x00000002   Code   RO            1    i.ADC1_2_IRQHandler  stm32f10x_it.o
    0x20000196   0x00000002   Code   RO            2    i.ADC3_IRQHandler   stm32f10x_it.o
    0x20000198   0x00000002   Code   RO            3    i.BusFaultException  stm32f10x_it.o
    0x2000019a   0x00000002   Code   RO            4    i.CAN_RX1_IRQHandler  stm32f10x_it.o
    0x2000019c   0x00000002   Code   RO            5    i.CAN_SCE_IRQHandler  stm32f10x_it.o
    0x2000019e   0x00000002   Code   RO            6    i.DMA1_Channel1_IRQHandler  stm32f10x_it.o
    0x200001a0   0x00000002   Code   RO            7    i.DMA1_Channel2_IRQHandler  stm32f10x_it.o
    0x200001a2   0x00000002   Code   RO            8    i.DMA1_Channel3_IRQHandler  stm32f10x_it.o
    0x200001a4   0x00000002   Code   RO            9    i.DMA1_Channel4_IRQHandler  stm32f10x_it.o
    0x200001a6   0x00000002   Code   RO           10    i.DMA1_Channel5_IRQHandler  stm32f10x_it.o
    0x200001a8   0x00000002   Code   RO           11    i.DMA1_Channel6_IRQHandler  stm32f10x_it.o
    0x200001aa   0x00000002   Code   RO           12    i.DMA1_Channel7_IRQHandler  stm32f10x_it.o
    0x200001ac   0x00000002   Code   RO           13    i.DMA2_Channel1_IRQHandler  stm32f10x_it.o
    0x200001ae   0x00000002   Code   RO           14    i.DMA2_Channel2_IRQHandler  stm32f10x_it.o
    0x200001b0   0x00000002   Code   RO           15    i.DMA2_Channel3_IRQHandler  stm32f10x_it.o
    0x200001b2   0x00000002   Code   RO           16    i.DMA2_Channel4_5_IRQHandler  stm32f10x_it.o
    0x200001b4   0x00000002   Code   RO           17    i.DebugMonitor      stm32f10x_it.o
    0x200001b6   0x0000000e   Code   RO          825    i.Delay_us          nrf24l01.o
    0x200001c4   0x00000002   Code   RO           18    i.EXTI0_IRQHandler  stm32f10x_it.o
    0x200001c6   0x00000002   Code   RO           19    i.EXTI15_10_IRQHandler  stm32f10x_it.o
    0x200001c8   0x00000002   Code   RO           20    i.EXTI1_IRQHandler  stm32f10x_it.o
    0x200001ca   0x00000002   Code   RO           21    i.EXTI2_IRQHandler  stm32f10x_it.o
    0x200001cc   0x00000002   Code   RO           22    i.EXTI3_IRQHandler  stm32f10x_it.o
    0x200001ce   0x00000002   Code   RO           23    i.EXTI4_IRQHandler  stm32f10x_it.o
    0x200001d0   0x00000002   Code   RO           24    i.EXTI9_5_IRQHandler  stm32f10x_it.o
    0x200001d2   0x00000002   Code   RO           25    i.FLASH_IRQHandler  stm32f10x_it.o
    0x200001d4   0x00000018   Code   RO          951    i.FLASH_PrefetchBufferCmd  stm32f10x_flash.o(STM32F10xR.LIB)
    0x200001ec   0x00000018   Code   RO          949    i.FLASH_SetLatency  stm32f10x_flash.o(STM32F10xR.LIB)
    0x20000204   0x00000002   Code   RO           26    i.FSMC_IRQHandler   stm32f10x_it.o
    0x20000206   0x00000002   PAD
    0x20000208   0x00000058   Code   RO          673    i.GPIO_Configuration  bsp.o
    0x20000260   0x000000a0   Code   RO         1113    i.GPIO_Init         stm32f10x_gpio.o(STM32F10xR.LIB)
    0x20000300   0x00000004   Code   RO         1120    i.GPIO_ResetBits    stm32f10x_gpio.o(STM32F10xR.LIB)
    0x20000304   0x00000004   Code   RO         1119    i.GPIO_SetBits      stm32f10x_gpio.o(STM32F10xR.LIB)
    0x20000308   0x00000002   Code   RO           27    i.HardFaultException  stm32f10x_it.o
    0x2000030a   0x00000002   Code   RO           28    i.I2C1_ER_IRQHandler  stm32f10x_it.o
    0x2000030c   0x00000002   Code   RO           29    i.I2C1_EV_IRQHandler  stm32f10x_it.o
    0x2000030e   0x00000002   Code   RO           30    i.I2C2_ER_IRQHandler  stm32f10x_it.o
    0x20000310   0x00000002   Code   RO           31    i.I2C2_EV_IRQHandler  stm32f10x_it.o
    0x20000312   0x00000002   PAD
    0x20000314   0x00000038   Code   RO          567    i.LEDFlash          main.o
    0x2000034c   0x00000002   Code   RO           32    i.MemManageException  stm32f10x_it.o
    0x2000034e   0x00000002   Code   RO           33    i.NMIException      stm32f10x_it.o
    0x20000350   0x00000078   Code   RO          826    i.NRF_Send          nrf24l01.o
    0x200003c8   0x0000002e   Code   RO          674    i.NVIC_Configuration  bsp.o
    0x200003f6   0x00000074   Code   RO         1228    i.NVIC_Init         stm32f10x_nvic.o(STM32F10xR.LIB)
    0x2000046a   0x00000002   PAD
    0x2000046c   0x00000014   Code   RO         1227    i.NVIC_PriorityGroupConfig  stm32f10x_nvic.o(STM32F10xR.LIB)
    0x20000480   0x00000014   Code   RO         1243    i.NVIC_SetVectorTable  stm32f10x_nvic.o(STM32F10xR.LIB)
    0x20000494   0x00000002   Code   RO           34    i.PVD_IRQHandler    stm32f10x_it.o
    0x20000496   0x00000002   Code   RO           35    i.PendSVC           stm32f10x_it.o
    0x20000498   0x00000018   Code   RO         1437    i.RCC_APB1PeriphClockCmd  stm32f10x_rcc.o(STM32F10xR.LIB)
    0x200004b0   0x00000018   Code   RO         1436    i.RCC_APB2PeriphClockCmd  stm32f10x_rcc.o(STM32F10xR.LIB)
    0x200004c8   0x00000074   Code   RO          675    i.RCC_Configuration  bsp.o
    0x2000053c   0x0000003c   Code   RO         1414    i.RCC_DeInit        stm32f10x_rcc.o(STM32F10xR.LIB)
    0x20000578   0x00000030   Code   RO         1416    i.RCC_GetFlagStatus  stm32f10x_rcc.o(STM32F10xR.LIB)
    0x200005a8   0x00000010   Code   RO         1423    i.RCC_GetSYSCLKSource  stm32f10x_rcc.o(STM32F10xR.LIB)
    0x200005b8   0x00000014   Code   RO         1424    i.RCC_HCLKConfig    stm32f10x_rcc.o(STM32F10xR.LIB)
    0x200005cc   0x00000034   Code   RO         1415    i.RCC_HSEConfig     stm32f10x_rcc.o(STM32F10xR.LIB)
    0x20000600   0x00000002   Code   RO           36    i.RCC_IRQHandler    stm32f10x_it.o
    0x20000602   0x00000002   PAD
    0x20000604   0x00000014   Code   RO         1425    i.RCC_PCLK1Config   stm32f10x_rcc.o(STM32F10xR.LIB)
    0x20000618   0x00000014   Code   RO         1426    i.RCC_PCLK2Config   stm32f10x_rcc.o(STM32F10xR.LIB)
    0x2000062c   0x0000000c   Code   RO         1421    i.RCC_PLLCmd        stm32f10x_rcc.o(STM32F10xR.LIB)
    0x20000638   0x00000014   Code   RO         1420    i.RCC_PLLConfig     stm32f10x_rcc.o(STM32F10xR.LIB)
    0x2000064c   0x00000014   Code   RO         1422    i.RCC_SYSCLKConfig  stm32f10x_rcc.o(STM32F10xR.LIB)
    0x20000660   0x00000034   Code   RO         1417    i.RCC_WaitForHSEStartUp  stm32f10x_rcc.o(STM32F10xR.LIB)
    0x20000694   0x00000002   Code   RO           37    i.RTCAlarm_IRQHandler  stm32f10x_it.o
    0x20000696   0x00000002   Code   RO           38    i.RTC_IRQHandler    stm32f10x_it.o
    0x20000698   0x00000002   Code   RO           39    i.SDIO_IRQHandler   stm32f10x_it.o
    0x2000069a   0x00000002   Code   RO           40    i.SPI1_IRQHandler   stm32f10x_it.o
    0x2000069c   0x00000002   Code   RO           41    i.SPI2_IRQHandler   stm32f10x_it.o
    0x2000069e   0x00000002   Code   RO           42    i.SPI3_IRQHandler   stm32f10x_it.o
    0x200006a0   0x00000014   Code   RO         1620    i.SPI_Cmd           stm32f10x_spi.o(STM32F10xR.LIB)
    0x200006b4   0x0000000e   Code   RO         1634    i.SPI_I2S_GetFlagStatus  stm32f10x_spi.o(STM32F10xR.LIB)
    0x200006c2   0x00000004   Code   RO         1625    i.SPI_I2S_ReceiveData  stm32f10x_spi.o(STM32F10xR.LIB)
    0x200006c6   0x00000004   Code   RO         1624    i.SPI_I2S_SendData  stm32f10x_spi.o(STM32F10xR.LIB)
    0x200006ca   0x00000038   Code   RO         1616    i.SPI_Init          stm32f10x_spi.o(STM32F10xR.LIB)
    0x20000702   0x00000002   PAD
    0x20000704   0x0000003c   Code   RO          829    i.SPI_Read_Buf      nrf24l01.o
    0x20000740   0x00000034   Code   RO          764    i.SPI_Send_Byte     spi.o
    0x20000774   0x00000024   Code   RO          830    i.SPI_WR_Reg        nrf24l01.o
    0x20000798   0x0000003c   Code   RO          831    i.SPI_Write_Buf     nrf24l01.o
    0x200007d4   0x00000002   Code   RO           43    i.SVCHandler        stm32f10x_it.o
    0x200007d6   0x00000004   Code   RO           44    i.SysTickHandler    stm32f10x_it.o
    0x200007da   0x00000024   Code   RO         1764    i.SysTick_CounterCmd  stm32f10x_systick.o(STM32F10xR.LIB)
    0x200007fe   0x00000018   Code   RO         1765    i.SysTick_ITConfig  stm32f10x_systick.o(STM32F10xR.LIB)
    0x20000816   0x0000001a   Code   RO          632    i.SysTick_Init      timer.o
    0x20000830   0x00000008   Code   RO         1763    i.SysTick_SetReload  stm32f10x_systick.o(STM32F10xR.LIB)
    0x20000838   0x00000002   Code   RO           45    i.TAMPER_IRQHandler  stm32f10x_it.o
    0x2000083a   0x00000002   Code   RO           46    i.TIM1_BRK_IRQHandler  stm32f10x_it.o
    0x2000083c   0x00000002   Code   RO           47    i.TIM1_CC_IRQHandler  stm32f10x_it.o
    0x2000083e   0x00000002   Code   RO           48    i.TIM1_TRG_COM_IRQHandler  stm32f10x_it.o
    0x20000840   0x00000002   Code   RO           49    i.TIM1_UP_IRQHandler  stm32f10x_it.o
    0x20000842   0x00000002   Code   RO           50    i.TIM2_IRQHandler   stm32f10x_it.o
    0x20000844   0x00000002   Code   RO           51    i.TIM3_IRQHandler   stm32f10x_it.o
    0x20000846   0x00000002   Code   RO           52    i.TIM4_IRQHandler   stm32f10x_it.o
    0x20000848   0x00000002   Code   RO           53    i.TIM5_IRQHandler   stm32f10x_it.o
    0x2000084a   0x00000002   Code   RO           54    i.TIM6_IRQHandler   stm32f10x_it.o
    0x2000084c   0x00000002   Code   RO           55    i.TIM7_IRQHandler   stm32f10x_it.o
    0x2000084e   0x00000002   Code   RO           56    i.TIM8_BRK_IRQHandler  stm32f10x_it.o
    0x20000850   0x00000002   Code   RO           57    i.TIM8_CC_IRQHandler  stm32f10x_it.o
    0x20000852   0x00000002   Code   RO           58    i.TIM8_TRG_COM_IRQHandler  stm32f10x_it.o
    0x20000854   0x00000002   Code   RO           59    i.TIM8_UP_IRQHandler  stm32f10x_it.o
    0x20000856   0x00000002   PAD
    0x20000858   0x0000005c   Code   RO          832    i.TX_Mode           nrf24l01.o
    0x200008b4   0x00000010   Code   RO          633    i.TimingDelay_Decrement  timer.o
    0x200008c4   0x00000002   Code   RO           60    i.UART4_IRQHandler  stm32f10x_it.o
    0x200008c6   0x00000002   Code   RO           61    i.UART5_IRQHandler  stm32f10x_it.o
    0x200008c8   0x00000002   Code   RO           62    i.USART1_IRQHandler  stm32f10x_it.o
    0x200008ca   0x00000002   Code   RO           63    i.USART2_IRQHandler  stm32f10x_it.o
    0x200008cc   0x00000002   Code   RO           64    i.USART3_IRQHandler  stm32f10x_it.o
    0x200008ce   0x00000002   Code   RO           65    i.USBWakeUp_IRQHandler  stm32f10x_it.o
    0x200008d0   0x00000002   Code   RO           66    i.USB_HP_CAN_TX_IRQHandler  stm32f10x_it.o
    0x200008d2   0x00000002   Code   RO           67    i.USB_LP_CAN_RX0_IRQHandler  stm32f10x_it.o
    0x200008d4   0x00000002   Code   RO           68    i.UsageFaultException  stm32f10x_it.o
    0x200008d6   0x00000002   Code   RO           69    i.WWDG_IRQHandler   stm32f10x_it.o
    0x200008d8   0x0000000e   Code   RO         1826    i.__scatterload_copy  handlers.o(mc_w.l)
    0x200008e6   0x00000002   Code   RO         1827    i.__scatterload_null  handlers.o(mc_w.l)
    0x200008e8   0x0000000e   Code   RO         1828    i.__scatterload_zeroinit  handlers.o(mc_w.l)
    0x200008f6   0x00000002   PAD
    0x200008f8   0x0000002c   Code   RO          833    i.init_NRF24L01     nrf24l01.o
    0x20000924   0x0000002a   Code   RO          568    i.main              main.o
    0x2000094e   0x00000002   PAD
    0x20000950   0x000000a0   Code   RO          765    i.mySPI_Init        spi.o
    0x200009f0   0x0000002c   Code   RO          835    i.nRF24L01_TxPacket  nrf24l01.o
    0x20000a1c   0x00000020   Data   RO         1824    Region$$Table       anon$$obj.o


    Execution Region RW_IRAM1 (Base: 0x20003000, Size: 0x00000448, Max: 0x00002000, ABSOLUTE)

    Base Addr    Size         Type   Attr      Idx    E Section Name        Object

    0x20003000   0x0000000c   Data   RW          570    .data               main.o
    0x2000300c   0x00000012   Data   RW          837    .data               nrf24l01.o
    0x2000301e   0x00000002   PAD
    0x20003020   0x00000008   Data   RW         1446    .data               stm32f10x_rcc.o(STM32F10xR.LIB)
    0x20003028   0x00000020   Zero   RW          836    .bss                nrf24l01.o
    0x20003048   0x00000400   Zero   RW          941    STACK               stm32f10x_vector.o


==============================================================================

Image component sizes


      Code (inc. data)   RO Data    RW Data    ZI Data      Debug   Object Name

       250          8          0          0          0       1542   bsp.o
        98         10          0         12          0       1615   main.o
       470        100          0         18         32       8973   nrf24l01.o
       212         14          0          0          0       1169   spi.o
       140          0          0          0          0      56432   stm32f10x_it.o
         8          4        304          0       1024        300   stm32f10x_vector.o
        42          6          0          0          0        835   timer.o

    ----------------------------------------------------------------------
      1230        142        336         32       1056      70866   Object Totals
         0          0         32          0          0          0   (incl. Generated)
        10          0          0          2          0          2   (incl. Padding)

    ----------------------------------------------------------------------

      Code (inc. data)   RO Data    RW Data    ZI Data      Debug   Library Member Name

         0          0          0          0          0          0   entry.o
         8          4          0          0          0          0   entry2.o
         4          0          0          0          0          0   entry5.o
         8          4          0          0          0          0   entry7.o
        30          0          0          0          0          0   handlers.o
        36          8          0          0          0         68   init.o
        36          0          0          0          0         68   memcpya.o
        48         12          0          0          0      17017   stm32f10x_flash.o
       168          0          0          0          0      16504   stm32f10x_gpio.o
       156         18          0          0          0       9609   stm32f10x_nvic.o
       388         78          0          8          0       8454   stm32f10x_rcc.o
        98          0          0          0          0       9830   stm32f10x_spi.o
        68          0          0          0          0       1376   stm32f10x_systick.o

    ----------------------------------------------------------------------
      1054        124          0          8          0      62926   Library Totals
         6          0          0          0          0          0   (incl. Padding)

    ----------------------------------------------------------------------

      Code (inc. data)   RO Data    RW Data    ZI Data      Debug   Library Name

       926        108          0          8          0      62790   STM32F10xR.LIB
       122         16          0          0          0        136   mc_w.l

    ----------------------------------------------------------------------
      1054        124          0          8          0      62926   Library Totals

    ----------------------------------------------------------------------

==============================================================================


      Code (inc. data)   RO Data    RW Data    ZI Data      Debug   

      2284        266        336         40       1056     128244   Grand Totals
      2284        266        336         40       1056     128244   ELF Image Totals
      2284        266        336         40          0          0   ROM Totals

==============================================================================

    Total RO  Size (Code + RO Data)                 2620 (   2.56kB)
    Total RW  Size (RW Data + ZI Data)              1096 (   1.07kB)
    Total ROM Size (Code + RO Data + RW Data)       2660 (   2.60kB)

==============================================================================

