
================================================================================

Section Cross References

    target.o(.text) refers (Special) to use_no_semi.o(.text) for __use_no_semihosting_swi
    startup.o(vectors) refers to target.o(.text) for FIQ_Exception
    startup.o(vectors) refers to __main.o(!!!) for __main
    startup.o(vectors) refers to startup.o(MyStacks) for SvcStackSpace
    startup.o(vectors) refers to startup.o(Stacks) for StackUsr
    startup.o(vectors) refers to startup.o(Heap) for bottom_of_heap
    startup.o(vectors) refers (Special) to use_no_semi.o(.text) for __use_no_semihosting_swi
    startup.o(MyStacks) refers (Special) to use_no_semi.o(.text) for __use_no_semihosting_swi
    startup.o(Heap) refers (Special) to use_no_semi.o(.text) for __use_no_semihosting_swi
    startup.o(Stacks) refers (Special) to use_no_semi.o(.text) for __use_no_semihosting_swi
    lcd.o(.text) refers to spi.o(.text) for MSPI_SendData
    lcd.o(.text) refers to rt_memcpy.o(.text) for __rt_memcpy
    lcd.o(.text) refers to key.o(.text) for KeyRead
    lcd.o(.text) refers to lcd.o(.constdata) for .constdata$1
    main.o(.text) refers to key.o(.text) for KeyInit
    main.o(.text) refers to spi.o(.text) for MSPI_Init
    main.o(.text) refers to lcd.o(.text) for LCD_Init
    main.o(.text) refers (Special) to __main.o(!!!) for __main
    main.o(.text) refers (Special) to _no_redirect.o(.text) for _main
    main.o(.constdata) refers (Special) to __main.o(!!!) for __main
    main.o(.constdata) refers (Special) to _no_redirect.o(.text) for _main
    main.o(.bss) refers (Special) to __main.o(!!!) for __main
    main.o(.bss) refers (Special) to _no_redirect.o(.text) for _main
    __main.o(!!!) refers to kernel.o(.text) for __rt_entry
    rt_memcpy.o(.text) refers to rt_memcpy_w.o(.text) for _memcpy_lastbytes
    kernel.o(.text) refers to stkheap1.o(.text) for __rt_stackheap_init
    kernel.o(.text) refers to lib_init.o(.text) for __rt_lib_init
    kernel.o(.text) refers to main.o(.text) for main
    kernel.o(.text) refers to exit.o(.text) for exit
    kernel.o(.text) refers to target.o(.text) for _sys_exit
    exit.o(.text) refers to kernel.o(.text) for __rt_exit
    lib_init.o(.text) refers to fpinit.o(x$fpl$fpinit) for _fp_init
    lib_init.o(.text) refers to libspace.o(.text) for __user_libspace
    stkheap1.o(.text) refers to libspace.o(.text) for __user_libspace
    stkheap1.o(.text) refers to startup.o(vectors) for __user_initial_stackheap
    libspace.o(.text) refers to libspace.o(.bss) for __libspace_start
    fpinit.o(x$fpl$fpinit) refers to rt_fp_status_addr.o(.text) for __rt_fp_status_addr
    rt_fp_status_addr.o(.text) refers to libspace.o(.text) for __user_libspace


================================================================================

Removing Unused input sections from the image.

    Removing irq.o(IRQ), (0 bytes).
    Removing main.o(.constdata), (16 bytes).
    Removing main.o(.bss), (1 bytes).

3 unused section(s) (total 17 bytes) removed from the image.

================================================================================

Image Symbol Table

    Mapping Symbols

    Sym    Value        Execution Region

    $a     0x00000000   ROM_EXEC
    $d     0x00000014   ROM_EXEC
    $a     0x00000018   ROM_EXEC
    $d     0x00000020   ROM_EXEC
    $f     0x00000020   ROM_EXEC
    $f     0x00000024   ROM_EXEC
    $f     0x00000028   ROM_EXEC
    $f     0x0000002c   ROM_EXEC
    $f     0x00000030   ROM_EXEC
    $f     0x0000003c   ROM_EXEC
    $a     0x00000040   ROM_EXEC
    $d     0x000000ac   ROM_EXEC
    $a     0x000000c8   ROM_EXEC
    $d     0x00000160   ROM_EXEC
    $a     0x00000170   ROM_EXEC
    $d     0x00000348   ROM_EXEC
    $a     0x0000034c   ROM_EXEC
    $d     0x000003c8   ROM_EXEC
    $a     0x000003d0   ROM_EXEC
    $d     0x00000700   ROM_EXEC
    $a     0x00000704   ROM_EXEC
    $d     0x00000834   ROM_EXEC
    $a     0x0000083c   ROM_EXEC
    $d     0x00000ab8   ROM_EXEC
    $a     0x00000abc   ROM_EXEC
    $d     0x00000bc0   ROM_EXEC
    $a     0x00000bc4   ROM_EXEC
    $d     0x00000be8   ROM_EXEC
    $d     0x40000000   IRAM
    $d     0x40000460   HEAP

    Local Symbols

    Symbol Name                              Value     Ov Type        Size  Object(Section)

    src\target.c                             0x00000000   Number         0  target.o ABSOLUTE
    .text                                    0x00000170   ARM Code       0  target.o(.text)
    C$debug_abbrev0                          0x00000000   Data           0  target.o(.debug_abbrev)
    C$debug_frame43                          0x00000000   Data           0  target.o(.debug_frame)
    C$debug_info3                            0x00000000   Data           0  target.o(.debug_info)
    C$debug_line2                            0x00000000   Data           0  target.o(.debug_line)
    C$debug_loc42                            0x00000000   Data           0  target.o(.debug_loc)
    C$debug_macinfo5                         0x00000000   Data           0  target.o(.debug_macinfo)
    C$debug_pubnames40                       0x00000000   Data           0  target.o(.debug_pubnames)
    C$debug_info33                           0x00000060   Data           0  target.o(.debug_info)
    C$debug_line38                           0x000000d0   Data           0  target.o(.debug_line)
    C$debug_pubnames10                       0x00000128   Data           0  target.o(.debug_pubnames)
    C$debug_info27                           0x00000140   Data           0  target.o(.debug_info)
    C$debug_pubnames28                       0x0000018c   Data           0  target.o(.debug_pubnames)
    C$debug_macinfo11                        0x00000198   Data           0  target.o(.debug_macinfo)
    C$debug_line8                            0x000001a4   Data           0  target.o(.debug_line)
    C$debug_pubnames34                       0x000001e4   Data           0  target.o(.debug_pubnames)
    C$debug_line26                           0x000001ec   Data           0  target.o(.debug_line)
    C$debug_macinfo29                        0x00000210   Data           0  target.o(.debug_macinfo)
    C$debug_info39                           0x00000224   Data           0  target.o(.debug_info)
    C$debug_line32                           0x0000023c   Data           0  target.o(.debug_line)
    C$debug_macinfo35                        0x0000025c   Data           0  target.o(.debug_macinfo)
    C$debug_info9                            0x00000758   Data           0  target.o(.debug_info)
    src\IRQ.s                                0x00000000   Number         0  irq.o ABSOLUTE
    USR32Mode                                0x00000010   Number         0  irq.o ABSOLUTE
    FIQ32Mode                                0x00000011   Number         0  irq.o ABSOLUTE
    IRQ32Mode                                0x00000012   Number         0  irq.o ABSOLUTE
    SVC32Mode                                0x00000013   Number         0  irq.o ABSOLUTE
    SYS32Mode                                0x0000001f   Number         0  irq.o ABSOLUTE
    NoInt                                    0x00000080   Number         0  irq.o ABSOLUTE
    src\Startup.s                            0x00000000   Number         0  startup.o ABSOLUTE
    vectors                                  0x00000000   ARM Code     200  startup.o(vectors)
    Stacks                                   0x40004000   Number         0  startup.o(Stacks)
    MyStacks                                 0x40000060   Data        1024  startup.o(MyStacks)
    Heap                                     0x40000460   Data           4  startup.o(Heap)
    <Anonymous Symbol>                       0x0000084c   Data          88  startup.o(.debug_info)
    <Anonymous Symbol>                       0x00000264   Data         116  startup.o(.debug_line)
    <Anonymous Symbol>                       0x000003ec   Data          16  startup.o(.debug_abbrev)
    ABT_STACK_LEGTH                          0x00000000   Number         0  startup.o ABSOLUTE
    FIQ_STACK_LEGTH                          0x00000000   Number         0  startup.o ABSOLUTE
    SVC_STACK_LEGTH                          0x00000000   Number         0  startup.o ABSOLUTE
    UND_STACK_LEGTH                          0x00000000   Number         0  startup.o ABSOLUTE
    USR32Mode                                0x00000010   Number         0  startup.o ABSOLUTE
    FIQ32Mode                                0x00000011   Number         0  startup.o ABSOLUTE
    IRQ32Mode                                0x00000012   Number         0  startup.o ABSOLUTE
    SVC32Mode                                0x00000013   Number         0  startup.o ABSOLUTE
    SYS32Mode                                0x0000001f   Number         0  startup.o ABSOLUTE
    ResetAddr                                0x00000020   Data           4  startup.o(vectors)
    UndefinedAddr                            0x00000024   Data           4  startup.o(vectors)
    SWI_Addr                                 0x00000028   Data           4  startup.o(vectors)
    PrefetchAddr                             0x0000002c   Data           4  startup.o(vectors)
    DataAbortAddr                            0x00000030   Data           4  startup.o(vectors)
    Nouse                                    0x00000034   Data           4  startup.o(vectors)
    IRQ_Addr                                 0x00000038   Data           4  startup.o(vectors)
    FIQ_Addr                                 0x0000003c   Data           4  startup.o(vectors)
    Undefined                                0x00000040   ARM Code       0  startup.o(vectors)
    SoftwareInterrupt                        0x00000044   ARM Code       0  startup.o(vectors)
    PrefetchAbort                            0x00000048   ARM Code       0  startup.o(vectors)
    DataAbort                                0x0000004c   ARM Code       0  startup.o(vectors)
    FIQ_Handler                              0x00000050   ARM Code       0  startup.o(vectors)
    InitStack                                0x00000060   ARM Code       0  startup.o(vectors)
    NoInt                                    0x00000080   Number         0  startup.o ABSOLUTE
    ResetInit                                0x00000098   ARM Code       0  startup.o(vectors)
    StackSvc                                 0x000000ac   Data           4  startup.o(vectors)
    StackIrq                                 0x000000b0   Data           4  startup.o(vectors)
    StackFiq                                 0x000000b4   Data           4  startup.o(vectors)
    StackAbt                                 0x000000b8   Data           4  startup.o(vectors)
    StackUnd                                 0x000000bc   Data           4  startup.o(vectors)
    IRQ_STACK_LEGTH                          0x00000100   Number         0  startup.o ABSOLUTE
    IrqStackSpace                            0x40000060   Data        1024  startup.o(MyStacks)
    SvcStackSpace                            0x40000060   Data           0  startup.o(MyStacks)
    AbtStackSpace                            0x40000460   Data           0  startup.o(MyStacks)
    FiqStackSpace                            0x40000460   Data           0  startup.o(MyStacks)
    UndtStackSpace                           0x40000460   Data           0  startup.o(MyStacks)
    src\SPI.c                                0x00000000   Number         0  spi.o ABSOLUTE
    .text                                    0x0000034c   ARM Code       0  spi.o(.text)
    C$debug_abbrev0                          0x00000000   Data           0  target.o(.debug_abbrev)
    C$debug_pubnames16                       0x00000128   Data           0  target.o(.debug_pubnames)
    C$debug_frame37                          0x0000014c   Data           0  spi.o(.debug_frame)
    C$debug_macinfo17                        0x00000198   Data           0  target.o(.debug_macinfo)
    C$debug_line14                           0x000001a4   Data           0  target.o(.debug_line)
    C$debug_pubnames34                       0x00000268   Data           0  spi.o(.debug_pubnames)
    C$debug_line32                           0x000002d8   Data           0  spi.o(.debug_line)
    C$debug_loc36                            0x000003d4   Data           0  spi.o(.debug_loc)
    C$debug_info15                           0x00000758   Data           0  target.o(.debug_info)
    C$debug_info33                           0x000008a4   Data           0  spi.o(.debug_info)
    src\LCD.c                                0x00000000   Number         0  lcd.o ABSOLUTE
    .constdata                               0x00000be8   Data           0  lcd.o(.constdata)
    .text                                    0x000003d0   ARM Code       0  lcd.o(.text)
    C$debug_abbrev0                          0x00000000   Data           0  target.o(.debug_abbrev)
    C$debug_pubnames16                       0x00000128   Data           0  target.o(.debug_pubnames)
    C$debug_frame61                          0x00000198   Data           0  lcd.o(.debug_frame)
    C$debug_macinfo17                        0x00000198   Data           0  target.o(.debug_macinfo)
    C$debug_line14                           0x000001a4   Data           0  target.o(.debug_line)
    C$debug_pubnames58                       0x0000029c   Data           0  lcd.o(.debug_pubnames)
    C$debug_line56                           0x00000338   Data           0  lcd.o(.debug_line)
    C$debug_loc60                            0x00000408   Data           0  lcd.o(.debug_loc)
    C$debug_info15                           0x00000758   Data           0  target.o(.debug_info)
    C$debug_info57                           0x0000095c   Data           0  lcd.o(.debug_info)
    .constdata$1                             0x00000be8   Data           0  lcd.o(.constdata)
    src\KEY.c                                0x00000000   Number         0  key.o ABSOLUTE
    .text                                    0x00000704   ARM Code       0  key.o(.text)
    C$debug_abbrev0                          0x00000000   Data           0  target.o(.debug_abbrev)
    C$debug_pubnames16                       0x00000128   Data           0  target.o(.debug_pubnames)
    C$debug_macinfo17                        0x00000198   Data           0  target.o(.debug_macinfo)
    C$debug_line14                           0x000001a4   Data           0  target.o(.debug_line)
    C$debug_frame37                          0x000002a4   Data           0  key.o(.debug_frame)
    C$debug_pubnames34                       0x0000032c   Data           0  key.o(.debug_pubnames)
    C$debug_line32                           0x00000474   Data           0  key.o(.debug_line)
    C$debug_loc36                            0x000006a0   Data           0  key.o(.debug_loc)
    C$debug_info15                           0x00000758   Data           0  target.o(.debug_info)
    C$debug_info33                           0x00000d58   Data           0  key.o(.debug_info)
    src\main.c                               0x00000000   Number         0  main.o ABSOLUTE
    .text                                    0x0000083c   ARM Code       0  main.o(.text)
    C$debug_abbrev0                          0x00000000   Data           0  target.o(.debug_abbrev)
    C$debug_pubnames10                       0x00000128   Data           0  target.o(.debug_pubnames)
    C$debug_macinfo11                        0x00000198   Data           0  target.o(.debug_macinfo)
    C$debug_line8                            0x000001a4   Data           0  target.o(.debug_line)
    C$debug_frame79                          0x000002f0   Data           0  main.o(.debug_frame)
    C$debug_pubnames4                        0x00000358   Data           0  main.o(.debug_pubnames)
    C$debug_pubnames76                       0x00000380   Data           0  main.o(.debug_pubnames)
    C$debug_macinfo5                         0x00000448   Data           0  main.o(.debug_macinfo)
    C$debug_line2                            0x00000514   Data           0  main.o(.debug_line)
    C$debug_line74                           0x000005e4   Data           0  main.o(.debug_line)
    C$debug_loc78                            0x000006b4   Data           0  main.o(.debug_loc)
    C$debug_info9                            0x00000758   Data           0  target.o(.debug_info)
    C$debug_info3                            0x00000eb0   Data           0  main.o(.debug_info)
    C$debug_info75                           0x00000f40   Data           0  main.o(.debug_info)
    ../../angel/startup.s                    0x00000000   Number         0  __main.o ABSOLUTE
    <Anonymous Symbol>                       0x00000338   Data          60  __main.o(.debug_frame)
    !!!                                      0x000000c8   ARM Code     168  __main.o(!!!)
    _move_region                             0x000000e8   ARM Code       0  __main.o(!!!)
    _move_loop                               0x00000118   ARM Code       0  __main.o(!!!)
    _zero_region                             0x0000012c   ARM Code       0  __main.o(!!!)
    _zero_loop                               0x00000150   ARM Code       0  __main.o(!!!)
    _region_table                            0x00000160   Data           0  __main.o(!!!)
    ../../armsys.c                           0x00000000   Number         0  _no_redirect.o ABSOLUTE
    .text                                    0x00000854   ARM Code       0  _no_redirect.o(.text)
    C$debug_frame18                          0x00000374   Data           0  _no_redirect.o(.debug_frame)
    ../../memcpset.s                         0x00000000   Number         0  rt_memcpy.o ABSOLUTE
    .text                                    0x0000085c   ARM Code     180  rt_memcpy.o(.text)
    <Anonymous Symbol>                       0x000003c0   Data          60  rt_memcpy.o(.debug_frame)
    _memcpy_dest_aligned                     0x00000890   ARM Code       0  rt_memcpy.o(.text)
    _memcpy_src1_loop                        0x000008b0   ARM Code       0  rt_memcpy.o(.text)
    _memcpy_src2_loop                        0x000008d0   ARM Code       0  rt_memcpy.o(.text)
    _memcpy_src3_loop                        0x000008f0   ARM Code       0  rt_memcpy.o(.text)
    ../../angel/sys.s                        0x00000000   Number         0  use_no_semi.o ABSOLUTE
    <Anonymous Symbol>                       0x000003fc   Data          68  use_no_semi.o(.debug_frame)
    .text                                    0x00000910   ARM Code       4  use_no_semi.o(.text)
    ../../angel/kernel.s                     0x00000000   Number         0  kernel.o ABSOLUTE
    <Anonymous Symbol>                       0x00000440   Data          88  kernel.o(.debug_frame)
    .text                                    0x00000914   ARM Code      40  kernel.o(.text)
    __rt_abort1                              0x00000938   ARM Code       0  kernel.o(.text)
    ../../memcpset.s                         0x00000000   Number         0  rt_memcpy_w.o ABSOLUTE
    .text                                    0x0000093c   ARM Code     108  rt_memcpy_w.o(.text)
    <Anonymous Symbol>                       0x00000498   Data          84  rt_memcpy_w.o(.debug_frame)
    _memcpy_aligned_loop                     0x00000948   ARM Code       0  rt_memcpy_w.o(.text)
    _memcpy_small                            0x00000960   ARM Code       0  rt_memcpy_w.o(.text)
    ../../stdlib.c                           0x00000000   Number         0  exit.o ABSOLUTE
    .text                                    0x000009a8   ARM Code       0  exit.o(.text)
    C$debug_frame12                          0x000004ec   Data           0  exit.o(.debug_frame)
    ../../armsys.c                           0x00000000   Number         0  lib_init.o ABSOLUTE
    .text                                    0x000009c0   ARM Code       0  lib_init.o(.text)
    C$debug_frame18                          0x00000538   Data           0  lib_init.o(.debug_frame)
    ../../stkheap1.s                         0x00000000   Number         0  stkheap1.o ABSOLUTE
    <Anonymous Symbol>                       0x000005b4   Data         128  stkheap1.o(.debug_frame)
    .text                                    0x00000abc   ARM Code     252  stkheap1.o(.text)
    _heap_overflow                           0x00000ba8   ARM Code       0  stkheap1.o(.text)
    ../../angel/sys.s                        0x00000000   Number         0  libspace.o ABSOLUTE
    <Anonymous Symbol>                       0x00000634   Data          68  libspace.o(.debug_frame)
    .bss                                     0x40000000   Data          96  libspace.o(.bss)
    .text                                    0x00000bb8   ARM Code      12  libspace.o(.text)
    __libspace_start                         0x40000000   Data          96  libspace.o(.bss)
    ../../fpinit.s                           0x00000000   Number         0  fpinit.o ABSOLUTE
    <Anonymous Symbol>                       0x00000678   Data          76  fpinit.o(.debug_frame)
    x$fpl$fpinit                             0x00000bd4   ARM Code      20  fpinit.o(x$fpl$fpinit)
    ../../angel/rt.s                         0x00000000   Number         0  rt_fp_status_addr.o ABSOLUTE
    .text                                    0x00000bc4   ARM Code      16  rt_fp_status_addr.o(.text)
    <Anonymous Symbol>                       0x000006c4   Data          76  rt_fp_status_addr.o(.debug_frame)

    Global Symbols

    Symbol Name                              Value     Ov Type        Size  Object(Section)

    BuildAttributes$$ARM_ISAv4$M$PE$A:L22$X:L11$S22$~IW$USESV6$~STKCKD$USESV7$~SHL$OSPACE 0x00000000   Number         0  anon$$obj.o ABSOLUTE
    Reset                                    0x00000000   ARM Code       0  startup.o(vectors)
    __Heap_DescSize                           - Undefined Weak Reference
    __alloca_initialize                       - Undefined Weak Reference
    __argv_alloc                              - Undefined Weak Reference
    __call_ctors()                            - Undefined Weak Reference
    __cpp_finalise                            - Undefined Weak Reference
    __cpp_initialise                          - Undefined Weak Reference
    __rt_get_argv                             - Undefined Weak Reference
    __user_heap_extend                        - Undefined Weak Reference
    __user_stack_slop                         - Undefined Weak Reference
    _atexit_init                              - Undefined Weak Reference
    _call_atexit_fns                          - Undefined Weak Reference
    _clock_init                               - Undefined Weak Reference
    _get_lc_collate                           - Undefined Weak Reference
    _get_lc_ctype                             - Undefined Weak Reference
    _get_lc_monetary                          - Undefined Weak Reference
    _get_lc_numeric                           - Undefined Weak Reference
    _get_lc_time                              - Undefined Weak Reference
    _getenv_init                              - Undefined Weak Reference
    _init_alloc                               - Undefined Weak Reference
    _init_user_alloc                          - Undefined Weak Reference
    _initio                                   - Undefined Weak Reference
    _rand_init                                - Undefined Weak Reference
    _signal_init                              - Undefined Weak Reference
    _terminate_user_alloc                     - Undefined Weak Reference
    _terminateio                              - Undefined Weak Reference
    __user_initial_stackheap                 0x000000a4   ARM Code       0  startup.o(vectors)
    __main                                   0x000000c8   ARM Code     152  __main.o(!!!)
    IRQ_Exception                            0x00000170   ARM Code       8  target.o(.text)
    FIQ_Exception                            0x00000178   ARM Code       8  target.o(.text)
    TargetInit                               0x00000180   ARM Code       4  target.o(.text)
    TargetResetInit                          0x00000184   ARM Code     204  target.o(.text)
    __rt_div0                                0x00000250   ARM Code      16  target.o(.text)
    fputc                                    0x00000260   ARM Code      20  target.o(.text)
    fgetc                                    0x00000274   ARM Code      16  target.o(.text)
    _sys_close                               0x00000284   ARM Code      16  target.o(.text)
    _sys_write                               0x00000294   ARM Code      28  target.o(.text)
    _sys_read                                0x000002b0   ARM Code      28  target.o(.text)
    _ttywrch                                 0x000002cc   ARM Code       8  target.o(.text)
    _sys_istty                               0x000002d4   ARM Code      16  target.o(.text)
    _sys_seek                                0x000002e4   ARM Code      16  target.o(.text)
    _sys_ensure                              0x000002f4   ARM Code      16  target.o(.text)
    _sys_flen                                0x00000304   ARM Code      16  target.o(.text)
    _sys_tmpnam                              0x00000314   ARM Code      24  target.o(.text)
    _sys_exit                                0x0000032c   ARM Code       8  target.o(.text)
    _sys_command_string                      0x00000334   ARM Code      20  target.o(.text)
    MSPI_Init                                0x0000034c   ARM Code      80  spi.o(.text)
    MSPI_SendData                            0x0000039c   ARM Code      44  spi.o(.text)
    DelayNS                                  0x000003d0   ARM Code      56  lcd.o(.text)
    delayms                                  0x00000408   ARM Code      60  lcd.o(.text)
    LCD_WriteCommand                         0x00000444   ARM Code      40  lcd.o(.text)
    LCD_WriteData                            0x0000046c   ARM Code      40  lcd.o(.text)
    LCD_SHOWStr                              0x00000494   ARM Code      88  lcd.o(.text)
    LCD_Clear                                0x000004ec   ARM Code      24  lcd.o(.text)
    LCD_RAMClear                             0x00000504   ARM Code     292  lcd.o(.text)
    LCD_Init                                 0x00000628   ARM Code     216  lcd.o(.text)
    KeyInit                                  0x00000704   ARM Code      28  key.o(.text)
    KeyRead                                  0x00000720   ARM Code     276  key.o(.text)
    main                                     0x0000083c   ARM Code      24  main.o(.text)
    _main_redirection                        0x00000854   ARM Code       4  _no_redirect.o(.text)
    _main                                    0x00000858   ARM Code       4  _no_redirect.o(.text)
    __rt_memcpy                              0x0000085c   ARM Code     180  rt_memcpy.o(.text)
    __32__use_no_semihosting_swi             0x00000910   ARM Code       0  use_no_semi.o(.text)
    __semihosting_swi_guard                  0x00000910   ARM Code       0  use_no_semi.o(.text)
    __use_no_semihosting_swi                 0x00000910   ARM Code       4  use_no_semi.o(.text)
    __rt_entry                               0x00000914   ARM Code       0  kernel.o(.text)
    __32__rt_exit                            0x00000924   ARM Code       0  kernel.o(.text)
    __rt_exit                                0x00000924   ARM Code      16  kernel.o(.text)
    __32__rt_abort                           0x00000934   ARM Code       0  kernel.o(.text)
    __rt_abort                               0x00000934   ARM Code       8  kernel.o(.text)
    __rt_memcpy_w                            0x0000093c   ARM Code     108  rt_memcpy_w.o(.text)
    _memcpy_lastbytes                        0x00000988   ARM Code       0  rt_memcpy_w.o(.text)
    exit                                     0x000009a8   ARM Code      24  exit.o(.text)
    __rt_lib_init                            0x000009c0   ARM Code     228  lib_init.o(.text)
    __rt_lib_shutdown                        0x00000aa4   ARM Code      20  lib_init.o(.text)
    __rt_stackheap_init                      0x00000abc   ARM Code     144  stkheap1.o(.text)
    __rt_heap_extend                         0x00000b4c   ARM Code     108  stkheap1.o(.text)
    __user_libspace                          0x00000bb8   ARM Code       8  libspace.o(.text)
    __rt_fp_status_addr                      0x00000bc4   ARM Code      16  rt_fp_status_addr.o(.text)
    _fp_init                                 0x00000bd4   ARM Code      20  fpinit.o(x$fpl$fpinit)
    __fplib_config_pureend_doubles           0x00000be4   ARM Code       0  fpinit.o(x$fpl$fpinit)
    Region$$Table$$Base                      0x00000bfc   Data           0  anon$$obj.o(Region$$Table)
    Region$$Table$$Limit                     0x00000c2c   Data           0  anon$$obj.o(Region$$Table)
    ZISection$$Table$$Base                   0x00000c2c   Data           0  anon$$obj.o(ZISection$$Table)
    ZISection$$Table$$Limit                  0x00000c3c   Data           0  anon$$obj.o(ZISection$$Table)
    bottom_of_heap                           0x40000460   Data           1  startup.o(Heap)
    StackUsr                                 0x40004000   Data           0  startup.o(Stacks)


================================================================================

Memory Map of the image

  Image Entry point : 0x00000000

  Load Region ROM_LOAD (Base: 0x00000000, Size: 0x00000c3c, Max: 0xffffffff, ABSOLUTE)

    Execution Region ROM_EXEC (Base: 0x00000000, Size: 0x00000c3c, Max: 0xffffffff, ABSOLUTE)

    Base Addr    Size         Type   Attr  Idx  E Section Name        Object

    0x00000000   0x000000c8   Code   RO    33   * vectors             startup.o
    0x000000c8   0x000000a8   Code   RO    92   * !!!                 __main.o(c_a__un.l)
    0x00000170   0x000001dc   Code   RO     1     .text               target.o
    0x0000034c   0x00000084   Code   RO    40     .text               spi.o
    0x000003d0   0x00000334   Code   RO    52     .text               lcd.o
    0x00000704   0x00000138   Code   RO    68     .text               key.o
    0x0000083c   0x00000018   Code   RO    80     .text               main.o
    0x00000854   0x00000008   Code   RO    94     .text               _no_redirect.o(c_a__un.l)
    0x0000085c   0x000000b4   Code   RO    96     .text               rt_memcpy.o(c_a__un.l)
    0x00000910   0x00000004   Code   RO    98     .text               use_no_semi.o(c_a__un.l)
    0x00000914   0x00000028   Code   RO   100     .text               kernel.o(c_a__un.l)
    0x0000093c   0x0000006c   Code   RO   102     .text               rt_memcpy_w.o(c_a__un.l)
    0x000009a8   0x00000018   Code   RO   104     .text               exit.o(c_a__un.l)
    0x000009c0   0x000000fc   Code   RO   106     .text               lib_init.o(c_a__un.l)
    0x00000abc   0x000000fc   Code   RO   108     .text               stkheap1.o(c_a__un.l)
    0x00000bb8   0x0000000c   Code   RO   110     .text               libspace.o(c_a__un.l)
    0x00000bc4   0x00000010   Code   RO   115     .text               rt_fp_status_addr.o(c_a__un.l)
    0x00000bd4   0x00000014   Code   RO   113     x$fpl$fpinit        fpinit.o(f_a_p.l)
    0x00000be8   0x00000011   Data   RO    53     .constdata          lcd.o
    0x00000bf9   0x00000003   PAD
    0x00000bfc   0x00000030   Data   RO   117     Region$$Table       anon$$obj.o
    0x00000c2c   0x00000010   Data   RO   118     ZISection$$Table    anon$$obj.o


    Execution Region IRAM (Base: 0x40000000, Size: 0x00000460, Max: 0xffffffff, ABSOLUTE)

    Base Addr    Size         Type   Attr  Idx  E Section Name        Object

    0x40000000   0x00000060   Zero   RW   111     .bss                libspace.o(c_a__un.l)
    0x40000060   0x00000400   Zero   RW    34     MyStacks            startup.o


    Execution Region HEAP (Base: 0x40000460, Size: 0x00000004, Max: 0xffffffff, ABSOLUTE, UNINIT)

    Base Addr    Size         Type   Attr  Idx  E Section Name        Object

    0x40000460   0x00000004   Zero   RW    35     Heap                startup.o


    Execution Region STACKS (Base: 0x40004000, Size: 0x00000000, Max: 0xffffffff, ABSOLUTE, UNINIT)

    Base Addr    Size         Type   Attr  Idx  E Section Name        Object

    0x40004000   0x00000000   Zero   RW    36     Stacks              startup.o



  Load Region LR$$Debug (Base: 0x00000000, Size: 0x00000000, Max: 0xffffffff, ABSOLUTE)

    Execution Region ER$$Debug (Base: 0x00000000, Size: 0x00000000, Max: 0xffffffff, ABSOLUTE)

    Base Addr    Size         Type   Attr  Idx  E Section Name        Object

    0x00000000   0x000003ec   Dbug   RW    10     .debug_abbrev       target.o
    0x000003ec   0x00000010   Dbug   RW    39     .debug_abbrev       startup.o
    0x00000000   0x0000014c   Dbug   RW     9     .debug_frame        target.o
    0x0000014c   0x0000004c   Dbug   RW    48     .debug_frame        spi.o
    0x00000198   0x0000010c   Dbug   RW    61     .debug_frame        lcd.o
    0x000002a4   0x0000004c   Dbug   RW    76     .debug_frame        key.o
    0x000002f0   0x00000048   Dbug   RW    91     .debug_frame        main.o
    0x00000338   0x0000003c   Dbug   RW    93     .debug_frame        __main.o(c_a__un.l)
    0x00000374   0x0000004c   Dbug   RW    95     .debug_frame        _no_redirect.o(c_a__un.l)
    0x000003c0   0x0000003c   Dbug   RW    97     .debug_frame        rt_memcpy.o(c_a__un.l)
    0x000003fc   0x00000044   Dbug   RW    99     .debug_frame        use_no_semi.o(c_a__un.l)
    0x00000440   0x00000058   Dbug   RW   101     .debug_frame        kernel.o(c_a__un.l)
    0x00000498   0x00000054   Dbug   RW   103     .debug_frame        rt_memcpy_w.o(c_a__un.l)
    0x000004ec   0x0000004c   Dbug   RW   105     .debug_frame        exit.o(c_a__un.l)
    0x00000538   0x0000007c   Dbug   RW   107     .debug_frame        lib_init.o(c_a__un.l)
    0x000005b4   0x00000080   Dbug   RW   109     .debug_frame        stkheap1.o(c_a__un.l)
    0x00000634   0x00000044   Dbug   RW   112     .debug_frame        libspace.o(c_a__un.l)
    0x00000678   0x0000004c   Dbug   RW   114     .debug_frame        fpinit.o(f_a_p.l)
    0x000006c4   0x0000004c   Dbug   RW   116     .debug_frame        rt_fp_status_addr.o(c_a__un.l)
    0x00000000   0x00000060   Dbug   RW     3     .debug_info         target.o
    0x00000060   0x000000e0   Dbug   RW    26     .debug_info         target.o
    0x00000140   0x000000e4   Dbug   RW    22     .debug_info         target.o
    0x00000224   0x00000534   Dbug   RW     6     .debug_info         target.o
    0x00000758   0x000000f4   Dbug   RW    18     .debug_info         target.o
    0x0000084c   0x00000058   Dbug   RW    37     .debug_info         startup.o
    0x000008a4   0x000000b8   Dbug   RW    45     .debug_info         spi.o
    0x0000095c   0x000003fc   Dbug   RW    58     .debug_info         lcd.o
    0x00000d58   0x00000158   Dbug   RW    73     .debug_info         key.o
    0x00000eb0   0x00000090   Dbug   RW    84     .debug_info         main.o
    0x00000f40   0x0000007c   Dbug   RW    88     .debug_info         main.o
    0x00000000   0x000000d0   Dbug   RW     2     .debug_line         target.o
    0x000000d0   0x000000d4   Dbug   RW     5     .debug_line         target.o
    0x000001a4   0x00000048   Dbug   RW    17     .debug_line         target.o
    0x000001ec   0x00000050   Dbug   RW    21     .debug_line         target.o
    0x0000023c   0x00000028   Dbug   RW    25     .debug_line         target.o
    0x00000264   0x00000074   Dbug   RW    38     .debug_line         startup.o
    0x000002d8   0x00000060   Dbug   RW    44     .debug_line         spi.o
    0x00000338   0x0000013c   Dbug   RW    57     .debug_line         lcd.o
    0x00000474   0x000000a0   Dbug   RW    72     .debug_line         key.o
    0x00000514   0x000000d0   Dbug   RW    83     .debug_line         main.o
    0x000005e4   0x00000050   Dbug   RW    87     .debug_line         main.o
    0x00000000   0x000003d4   Dbug   RW     8     .debug_loc          target.o
    0x000003d4   0x00000034   Dbug   RW    47     .debug_loc          spi.o
    0x00000408   0x00000298   Dbug   RW    60     .debug_loc          lcd.o
    0x000006a0   0x00000014   Dbug   RW    75     .debug_loc          key.o
    0x000006b4   0x00000034   Dbug   RW    90     .debug_loc          main.o
    0x00000000   0x00000198   Dbug   RW     4     .debug_macinfo      target.o
    0x00000198   0x00000078   Dbug   RW    20     .debug_macinfo      target.o
    0x00000210   0x0000004c   Dbug   RW    24     .debug_macinfo      target.o
    0x0000025c   0x000001ec   Dbug   RW    28     .debug_macinfo      target.o
    0x00000448   0x0000018c   Dbug   RW    86     .debug_macinfo      main.o
    0x00000000   0x00000128   Dbug   RW     7     .debug_pubnames     target.o
    0x00000128   0x00000064   Dbug   RW    19     .debug_pubnames     target.o
    0x0000018c   0x00000058   Dbug   RW    23     .debug_pubnames     target.o
    0x000001e4   0x00000084   Dbug   RW    27     .debug_pubnames     target.o
    0x00000268   0x00000034   Dbug   RW    46     .debug_pubnames     spi.o
    0x0000029c   0x00000090   Dbug   RW    59     .debug_pubnames     lcd.o
    0x0000032c   0x0000002c   Dbug   RW    74     .debug_pubnames     key.o
    0x00000358   0x00000028   Dbug   RW    85     .debug_pubnames     main.o
    0x00000380   0x0000001c   Dbug   RW    89     .debug_pubnames     main.o


================================================================================

Image component sizes


      Code    RO Data    RW Data    ZI Data      Debug   Object Name

       132          0          0          0        460   spi.o
       200          0          0       1028        220   startup.o
       312          0          0          0        644   key.o
         0         64          0          0          0   anon$$obj.o
       820         17          0          0       2412   lcd.o
        24          0          0          0       1144   main.o
       476          0          0          0       6764   target.o

    ------------------------------------------------------------------------
      1964         81          0       1028      11644   Object Totals

    ------------------------------------------------------------------------

      Code    RO Data    RW Data    ZI Data      Debug   Library Member Name

       252          0          0          0        128   stkheap1.o
        40          0          0          0         88   kernel.o
         8          0          0          0         76   _no_redirect.o
         4          0          0          0         68   use_no_semi.o
        12          0          0         96         68   libspace.o
       180          0          0          0         60   rt_memcpy.o
       168          0          0          0         60   __main.o
       108          0          0          0         84   rt_memcpy_w.o
        16          0          0          0         76   rt_fp_status_addr.o
        24          0          0          0         76   exit.o
       252          0          0          0        124   lib_init.o
        20          0          0          0         76   fpinit.o

    ------------------------------------------------------------------------
      1084          0          0         96        984   Library Totals

    ------------------------------------------------------------------------

      Code    RO Data    RW Data    ZI Data      Debug   Library Name

      1064          0          0         96        908   c_a__un.l
        20          0          0          0         76   f_a_p.l

    ------------------------------------------------------------------------
      1084          0          0         96        984   Library Totals

    ------------------------------------------------------------------------

================================================================================


      Code    RO Data    RW Data    ZI Data      Debug   

      3048         81          0       1124      12628   Grand Totals

================================================================================

    Total RO  Size(Code + RO Data)                 3129 (   3.06kB)
    Total RW  Size(RW Data + ZI Data)              1124 (   1.10kB)
    Total ROM Size(Code + RO Data + RW Data)       3129 (   3.06kB)

================================================================================

