Archive member included because of file (symbol)

C:/Program Files/WinAVR/lib/gcc/avr/3.4.6/avr5\libgcc.a(_copy_data.o)
                              SCCB.o (__do_copy_data)
C:/Program Files/WinAVR/lib/gcc/avr/3.4.6/avr5\libgcc.a(_clear_bss.o)
                              SCCB.o (__do_clear_bss)

Memory Configuration

Name             Origin             Length             Attributes
text             0x00000000         0x00020000         xr
data             0x00800060         0x0000ffa0         rw !x
eeprom           0x00810000         0x00010000         rw !x
*default*        0x00000000         0xffffffff

Linker script and memory map

LOAD C:/Program Files/WinAVR/bin/../lib/gcc/avr/3.4.6/../../../../avr/lib/avr5/crtm32.o
LOAD SCCB.o
LOAD ov7670.o
LOAD int.o
LOAD main.o
LOAD C:/Program Files/WinAVR/bin/../lib/gcc/avr/3.4.6/../../../../avr/lib/avr5\libm.a
LOAD C:/Program Files/WinAVR/lib/gcc/avr/3.4.6/avr5\libgcc.a
LOAD C:/Program Files/WinAVR/bin/../lib/gcc/avr/3.4.6/../../../../avr/lib/avr5\libc.a
LOAD C:/Program Files/WinAVR/lib/gcc/avr/3.4.6/avr5\libgcc.a

.hash
 *(.hash)

.dynsym
 *(.dynsym)

.dynstr
 *(.dynstr)

.gnu.version
 *(.gnu.version)

.gnu.version_d
 *(.gnu.version_d)

.gnu.version_r
 *(.gnu.version_r)

.rel.init
 *(.rel.init)

.rela.init
 *(.rela.init)

.rel.text
 *(.rel.text)
 *(.rel.text.*)
 *(.rel.gnu.linkonce.t*)

.rela.text
 *(.rela.text)
 *(.rela.text.*)
 *(.rela.gnu.linkonce.t*)

.rel.fini
 *(.rel.fini)

.rela.fini
 *(.rela.fini)

.rel.rodata
 *(.rel.rodata)
 *(.rel.rodata.*)
 *(.rel.gnu.linkonce.r*)

.rela.rodata
 *(.rela.rodata)
 *(.rela.rodata.*)
 *(.rela.gnu.linkonce.r*)

.rel.data
 *(.rel.data)
 *(.rel.data.*)
 *(.rel.gnu.linkonce.d*)

.rela.data
 *(.rela.data)
 *(.rela.data.*)
 *(.rela.gnu.linkonce.d*)

.rel.ctors
 *(.rel.ctors)

.rela.ctors
 *(.rela.ctors)

.rel.dtors
 *(.rel.dtors)

.rela.dtors
 *(.rela.dtors)

.rel.got
 *(.rel.got)

.rela.got
 *(.rela.got)

.rel.bss
 *(.rel.bss)

.rela.bss
 *(.rela.bss)

.rel.plt
 *(.rel.plt)

.rela.plt
 *(.rela.plt)

.text           0x00000000     0x666a
 *(.vectors)
 .vectors       0x00000000       0x54 C:/Program Files/WinAVR/bin/../lib/gcc/avr/3.4.6/../../../../avr/lib/avr5/crtm32.o
                0x00000000                __vectors
                0x00000000                __vector_default
                0x00000054                __ctors_start = .
 *(.ctors)
                0x00000054                __ctors_end = .
                0x00000054                __dtors_start = .
 *(.dtors)
                0x00000054                __dtors_end = .
 *(.progmem.gcc*)
 *(.progmem*)
 .progmem.data  0x00000054      0x15a ov7670.o
                0x00000054                change_reg
 .progmem.data  0x000001ae     0x58d2 int.o
                0x000001ae                gImage
                0x00005490                english
                0x00005a80                . = ALIGN (0x2)
 *(.init0)
 *(.init1)
 *(.init2)
 .init2         0x00005a80        0xc C:/Program Files/WinAVR/bin/../lib/gcc/avr/3.4.6/../../../../avr/lib/avr5/crtm32.o
 *(.init3)
 *(.init4)
 .init4         0x00005a8c       0x16 C:/Program Files/WinAVR/lib/gcc/avr/3.4.6/avr5\libgcc.a(_copy_data.o)
                0x00005a8c                __do_copy_data
 .init4         0x00005aa2       0x10 C:/Program Files/WinAVR/lib/gcc/avr/3.4.6/avr5\libgcc.a(_clear_bss.o)
                0x00005aa2                __do_clear_bss
 *(.init5)
 *(.init6)
 *(.init7)
 *(.init8)
 *(.init9)
 .init9         0x00005ab2        0x4 C:/Program Files/WinAVR/bin/../lib/gcc/avr/3.4.6/../../../../avr/lib/avr5/crtm32.o
 *(.text)
 .text          0x00005ab6        0x4 C:/Program Files/WinAVR/bin/../lib/gcc/avr/3.4.6/../../../../avr/lib/avr5/crtm32.o
                0x00005ab6                __vector_12
                0x00005ab6                __bad_interrupt
                0x00005ab6                __vector_6
                0x00005ab6                __vector_3
                0x00005ab6                __vector_11
                0x00005ab6                __vector_13
                0x00005ab6                __vector_17
                0x00005ab6                __vector_19
                0x00005ab6                __vector_7
                0x00005ab6                __vector_5
                0x00005ab6                __vector_4
                0x00005ab6                __vector_9
                0x00005ab6                __vector_2
                0x00005ab6                __vector_15
                0x00005ab6                __vector_8
                0x00005ab6                __vector_14
                0x00005ab6                __vector_10
                0x00005ab6                __vector_16
                0x00005ab6                __vector_18
                0x00005ab6                __vector_20
 .text          0x00005aba      0x152 SCCB.o
                0x00005b12                noAck
                0x00005bca                SCCBreadByte
                0x00005aba                InitSCCB
                0x00005b3c                SCCBwriteByte
                0x00005af2                stopSCCB
                0x00005ac8                startSCCB
 .text          0x00005c0c      0x12e ov7670.o
                0x00005cd0                OV7670_init
                0x00005c5e                rdOV7670Reg
                0x00005c0c                wrOV7670Reg
 .text          0x00005d3a      0x88e int.o
                0x00006510                __vector_1
                0x00005e04                LCD_Clear
                0x00005dee                LCD_WR_REG
                0x000063c0                Test
                0x00005d6e                LCD_WR_DATA16
                0x000064fe                Init_INT0
                0x00006336                Test_tu
                0x0000615a                LCD_write_english
                0x000061c2                LCD_SetCursor
                0x00005d3a                delay_us
                0x00005e8a                LCD_Init
                0x00005d46                delay_ms
                0x000061e2                Lcd_SetBox
                0x00005daa                LCD_WR_REG16
                0x00006258                LCD_write_SUM
                0x000062d2                LCD_write_english_string
 .text          0x000065c8       0xa2 main.o
                0x000065c8                main
                0x0000666a                . = ALIGN (0x2)
 *(.text.*)
                0x0000666a                . = ALIGN (0x2)
 *(.fini9)
 *(.fini8)
 *(.fini7)
 *(.fini6)
 *(.fini5)
 *(.fini4)
 *(.fini3)
 *(.fini2)
 *(.fini1)
 *(.fini0)
                0x0000666a                _etext = .

.data           0x00800060       0x62 load address 0x0000666a
                0x00800060                PROVIDE (__data_start, .)
 *(.data)
 .data          0x00800060       0x61 main.o
 *(.gnu.linkonce.d*)
                0x008000c2                . = ALIGN (0x2)
 *fill*         0x008000c1        0x1 00
                0x008000c2                _edata = .
                0x008000c2                PROVIDE (__data_end, .)

.bss            0x008000c2        0x1
                0x008000c2                PROVIDE (__bss_start, .)
 *(.bss)
 .bss           0x008000c2        0x1 int.o
                0x008000c2                val1
 *(COMMON)
                0x008000c3                PROVIDE (__bss_end, .)
                0x0000666a                __data_load_start = LOADADDR (.data)
                0x000066cc                __data_load_end = (__data_load_start + SIZEOF (.data))

.noinit         0x008000c3        0x0
                0x008000c3                PROVIDE (__noinit_start, .)
 *(.noinit*)
                0x008000c3                PROVIDE (__noinit_end, .)
                0x008000c3                _end = .
                0x008000c3                PROVIDE (__heap_start, .)

.eeprom         0x00810000        0x0
 *(.eeprom*)
                0x00810000                __eeprom_end = .

.stab           0x00000000      0x36c
 *(.stab)
 .stab          0x00000000      0x36c C:/Program Files/WinAVR/bin/../lib/gcc/avr/3.4.6/../../../../avr/lib/avr5/crtm32.o

.stabstr        0x00000000       0x84
 *(.stabstr)
 .stabstr       0x00000000       0x84 C:/Program Files/WinAVR/bin/../lib/gcc/avr/3.4.6/../../../../avr/lib/avr5/crtm32.o

.stab.excl
 *(.stab.excl)

.stab.exclstr
 *(.stab.exclstr)

.stab.index
 *(.stab.index)

.stab.indexstr
 *(.stab.indexstr)

.comment
 *(.comment)

.debug
 *(.debug)

.line
 *(.line)

.debug_srcinfo
 *(.debug_srcinfo)

.debug_sfnames
 *(.debug_sfnames)

.debug_aranges  0x00000000       0x50
 *(.debug_aranges)
 .debug_aranges
                0x00000000       0x14 SCCB.o
 .debug_aranges
                0x00000014       0x14 ov7670.o
 .debug_aranges
                0x00000028       0x14 int.o
 .debug_aranges
                0x0000003c       0x14 main.o

.debug_pubnames
                0x00000000      0x204
 *(.debug_pubnames)
 .debug_pubnames
                0x00000000       0x67 SCCB.o
 .debug_pubnames
                0x00000067       0x51 ov7670.o
 .debug_pubnames
                0x000000b8      0x131 int.o
 .debug_pubnames
                0x000001e9       0x1b main.o

.debug_info     0x00000000      0x9a6
 *(.debug_info)
 .debug_info    0x00000000      0x129 SCCB.o
 .debug_info    0x00000129      0x1ef ov7670.o
 .debug_info    0x00000318      0x5d4 int.o
 .debug_info    0x000008ec       0xba main.o
 *(.gnu.linkonce.wi.*)

.debug_abbrev   0x00000000      0x302
 *(.debug_abbrev)
 .debug_abbrev  0x00000000       0x9c SCCB.o
 .debug_abbrev  0x0000009c       0xd1 ov7670.o
 .debug_abbrev  0x0000016d      0x154 int.o
 .debug_abbrev  0x000002c1       0x41 main.o

.debug_line     0x00000000      0xb74
 *(.debug_line)
 .debug_line    0x00000000      0x210 SCCB.o
 .debug_line    0x00000210      0x1cf ov7670.o
 .debug_line    0x000003df      0x640 int.o
 .debug_line    0x00000a1f      0x155 main.o

.debug_frame
 *(.debug_frame)

.debug_str      0x00000000      0x24c
 *(.debug_str)
 .debug_str     0x00000000       0xaa SCCB.o
                                 0xde (size before relaxing)
 .debug_str     0x000000aa       0x89 ov7670.o
                                0x13b (size before relaxing)
 .debug_str     0x00000133      0x10d int.o
                                0x211 (size before relaxing)
 .debug_str     0x00000240        0xc main.o
                                 0xd9 (size before relaxing)

.debug_loc
 *(.debug_loc)

.debug_macinfo
 *(.debug_macinfo)
OUTPUT(main.elf elf32-avr)

Cross Reference Table

Symbol                                            File
InitSCCB                                          SCCB.o
                                                  ov7670.o
Init_INT0                                         int.o
                                                  main.o
LCD_Clear                                         int.o
                                                  main.o
LCD_Init                                          int.o
                                                  main.o
LCD_SetCursor                                     int.o
LCD_WR_DATA16                                     int.o
LCD_WR_REG                                        int.o
LCD_WR_REG16                                      int.o
LCD_write_SUM                                     int.o
LCD_write_english                                 int.o
LCD_write_english_string                          int.o
                                                  main.o
Lcd_SetBox                                        int.o
OV7670_init                                       ov7670.o
                                                  main.o
SCCBreadByte                                      SCCB.o
                                                  ov7670.o
SCCBwriteByte                                     SCCB.o
                                                  ov7670.o
Test                                              int.o
Test_tu                                           int.o
                                                  main.o
__bad_interrupt                                   C:/Program Files/WinAVR/bin/../lib/gcc/avr/3.4.6/../../../../avr/lib/avr5/crtm32.o
__bss_end                                         C:/Program Files/WinAVR/lib/gcc/avr/3.4.6/avr5\libgcc.a(_clear_bss.o)
__bss_start                                       C:/Program Files/WinAVR/lib/gcc/avr/3.4.6/avr5\libgcc.a(_clear_bss.o)
__data_end                                        C:/Program Files/WinAVR/lib/gcc/avr/3.4.6/avr5\libgcc.a(_copy_data.o)
__data_load_start                                 C:/Program Files/WinAVR/lib/gcc/avr/3.4.6/avr5\libgcc.a(_copy_data.o)
__data_start                                      C:/Program Files/WinAVR/lib/gcc/avr/3.4.6/avr5\libgcc.a(_copy_data.o)
__do_clear_bss                                    C:/Program Files/WinAVR/lib/gcc/avr/3.4.6/avr5\libgcc.a(_clear_bss.o)
                                                  main.o
                                                  int.o
                                                  ov7670.o
                                                  SCCB.o
__do_copy_data                                    C:/Program Files/WinAVR/lib/gcc/avr/3.4.6/avr5\libgcc.a(_copy_data.o)
                                                  main.o
                                                  int.o
                                                  ov7670.o
                                                  SCCB.o
__heap_end                                        C:/Program Files/WinAVR/bin/../lib/gcc/avr/3.4.6/../../../../avr/lib/avr5/crtm32.o
__init                                            C:/Program Files/WinAVR/bin/../lib/gcc/avr/3.4.6/../../../../avr/lib/avr5/crtm32.o
__stack                                           C:/Program Files/WinAVR/bin/../lib/gcc/avr/3.4.6/../../../../avr/lib/avr5/crtm32.o
                                                  main.o
__vector_1                                        int.o
                                                  C:/Program Files/WinAVR/bin/../lib/gcc/avr/3.4.6/../../../../avr/lib/avr5/crtm32.o
__vector_10                                       C:/Program Files/WinAVR/bin/../lib/gcc/avr/3.4.6/../../../../avr/lib/avr5/crtm32.o
__vector_11                                       C:/Program Files/WinAVR/bin/../lib/gcc/avr/3.4.6/../../../../avr/lib/avr5/crtm32.o
__vector_12                                       C:/Program Files/WinAVR/bin/../lib/gcc/avr/3.4.6/../../../../avr/lib/avr5/crtm32.o
__vector_13                                       C:/Program Files/WinAVR/bin/../lib/gcc/avr/3.4.6/../../../../avr/lib/avr5/crtm32.o
__vector_14                                       C:/Program Files/WinAVR/bin/../lib/gcc/avr/3.4.6/../../../../avr/lib/avr5/crtm32.o
__vector_15                                       C:/Program Files/WinAVR/bin/../lib/gcc/avr/3.4.6/../../../../avr/lib/avr5/crtm32.o
__vector_16                                       C:/Program Files/WinAVR/bin/../lib/gcc/avr/3.4.6/../../../../avr/lib/avr5/crtm32.o
__vector_17                                       C:/Program Files/WinAVR/bin/../lib/gcc/avr/3.4.6/../../../../avr/lib/avr5/crtm32.o
__vector_18                                       C:/Program Files/WinAVR/bin/../lib/gcc/avr/3.4.6/../../../../avr/lib/avr5/crtm32.o
__vector_19                                       C:/Program Files/WinAVR/bin/../lib/gcc/avr/3.4.6/../../../../avr/lib/avr5/crtm32.o
__vector_2                                        C:/Program Files/WinAVR/bin/../lib/gcc/avr/3.4.6/../../../../avr/lib/avr5/crtm32.o
__vector_20                                       C:/Program Files/WinAVR/bin/../lib/gcc/avr/3.4.6/../../../../avr/lib/avr5/crtm32.o
__vector_3                                        C:/Program Files/WinAVR/bin/../lib/gcc/avr/3.4.6/../../../../avr/lib/avr5/crtm32.o
__vector_4                                        C:/Program Files/WinAVR/bin/../lib/gcc/avr/3.4.6/../../../../avr/lib/avr5/crtm32.o
__vector_5                                        C:/Program Files/WinAVR/bin/../lib/gcc/avr/3.4.6/../../../../avr/lib/avr5/crtm32.o
__vector_6                                        C:/Program Files/WinAVR/bin/../lib/gcc/avr/3.4.6/../../../../avr/lib/avr5/crtm32.o
__vector_7                                        C:/Program Files/WinAVR/bin/../lib/gcc/avr/3.4.6/../../../../avr/lib/avr5/crtm32.o
__vector_8                                        C:/Program Files/WinAVR/bin/../lib/gcc/avr/3.4.6/../../../../avr/lib/avr5/crtm32.o
__vector_9                                        C:/Program Files/WinAVR/bin/../lib/gcc/avr/3.4.6/../../../../avr/lib/avr5/crtm32.o
__vector_default                                  C:/Program Files/WinAVR/bin/../lib/gcc/avr/3.4.6/../../../../avr/lib/avr5/crtm32.o
__vectors                                         C:/Program Files/WinAVR/bin/../lib/gcc/avr/3.4.6/../../../../avr/lib/avr5/crtm32.o
change_reg                                        ov7670.o
delay_ms                                          int.o
                                                  main.o
                                                  ov7670.o
delay_us                                          int.o
                                                  ov7670.o
                                                  SCCB.o
english                                           int.o
gImage                                            int.o
main                                              main.o
                                                  C:/Program Files/WinAVR/bin/../lib/gcc/avr/3.4.6/../../../../avr/lib/avr5/crtm32.o
noAck                                             SCCB.o
                                                  ov7670.o
rdOV7670Reg                                       ov7670.o
startSCCB                                         SCCB.o
                                                  ov7670.o
stopSCCB                                          SCCB.o
                                                  ov7670.o
val1                                              int.o
wrOV7670Reg                                       ov7670.o
