
================================================================================

Section Cross References

    target.o(.text) refers (Special) to use_no_semi.o(.text) for __use_no_semihosting_swi
    startup.o(vectors) refers to target.o(.text) for FIQ_Exception
    startup.o(vectors) refers to __main.o(!!!) for __main
    startup.o(vectors) refers to startup.o(MyStacks) for SvcStackSpace
    startup.o(vectors) refers to startup.o(Stacks) for StackUsr
    startup.o(vectors) refers to startup.o(Heap) for bottom_of_heap
    startup.o(vectors) refers (Special) to use_no_semi.o(.text) for __use_no_semihosting_swi
    startup.o(MyStacks) refers (Special) to use_no_semi.o(.text) for __use_no_semihosting_swi
    startup.o(Heap) refers (Special) to use_no_semi.o(.text) for __use_no_semihosting_swi
    startup.o(Stacks) refers (Special) to use_no_semi.o(.text) for __use_no_semihosting_swi
    lcd.o(.text) refers to spi.o(.text) for MSPI_SendData
    lcd.o(.text) refers to delay.o(.text) for delayms
    lcd.o(.text) refers to rt_memcpy.o(.text) for __rt_memcpy
    lcd.o(.text) refers to key.o(.text) for KeyRead
    lcd.o(.text) refers to lcd.o(.bss) for .bss$2
    lcd.o(.text) refers to lcd.o(.constdata) for .constdata$1
    main.o(.text) refers to key.o(.text) for KeyInit
    main.o(.text) refers to spi.o(.text) for MSPI_Init
    main.o(.text) refers to lcd.o(.text) for LCD_Init
    main.o(.text) refers (Special) to __main.o(!!!) for __main
    main.o(.text) refers (Special) to _no_redirect.o(.text) for _main
    __main.o(!!!) refers to kernel.o(.text) for __rt_entry
    rt_memcpy.o(.text) refers to rt_memcpy_w.o(.text) for _memcpy_lastbytes
    kernel.o(.text) refers to stkheap1.o(.text) for __rt_stackheap_init
    kernel.o(.text) refers to lib_init.o(.text) for __rt_lib_init
    kernel.o(.text) refers to main.o(.text) for main
    kernel.o(.text) refers to exit.o(.text) for exit
    kernel.o(.text) refers to target.o(.text) for _sys_exit
    exit.o(.text) refers to kernel.o(.text) for __rt_exit
    lib_init.o(.text) refers to fpinit.o(x$fpl$fpinit) for _fp_init
    lib_init.o(.text) refers to libspace.o(.text) for __user_libspace
    stkheap1.o(.text) refers to libspace.o(.text) for __user_libspace
    stkheap1.o(.text) refers to startup.o(vectors) for __user_initial_stackheap
    libspace.o(.text) refers to libspace.o(.bss) for __libspace_start
    fpinit.o(x$fpl$fpinit) refers to rt_fp_status_addr.o(.text) for __rt_fp_status_addr
    rt_fp_status_addr.o(.text) refers to libspace.o(.text) for __user_libspace


================================================================================

Removing Unused input sections from the image.

    Removing irq.o(IRQ), (0 bytes).

1 unused section(s) (total 0 bytes) removed from the image.

================================================================================

Image Symbol Table

    Mapping Symbols

    Sym    Value        Execution Region

    $a     0x40000000   ROM_EXEC
    $d     0x40000014   ROM_EXEC
    $a     0x40000018   ROM_EXEC
    $d     0x40000020   ROM_EXEC
    $f     0x40000020   ROM_EXEC
    $f     0x40000024   ROM_EXEC
    $f     0x40000028   ROM_EXEC
    $f     0x4000002c   ROM_EXEC
    $f     0x40000030   ROM_EXEC
    $f     0x4000003c   ROM_EXEC
    $a     0x40000040   ROM_EXEC
    $d     0x400000ac   ROM_EXEC
    $a     0x400000c8   ROM_EXEC
    $d     0x40000160   ROM_EXEC
    $a     0x40000170   ROM_EXEC
    $d     0x40000258   ROM_EXEC
    $a     0x4000025c   ROM_EXEC
    $d     0x400002bc   ROM_EXEC
    $a     0x400002c8   ROM_EXEC
    $d     0x400008cc   ROM_EXEC
    $a     0x400008d8   ROM_EXEC
    $d     0x400009b4   ROM_EXEC
    $a     0x400009bc   ROM_EXEC
    $d     0x40000c94   ROM_EXEC
    $a     0x40000c98   ROM_EXEC
    $d     0x40000d9c   ROM_EXEC
    $a     0x40000da0   ROM_EXEC
    $d     0x40000dc4   ROM_EXEC
    $d     0x40003000   IRAM
    $d     0x40003860   HEAP

    Local Symbols

    Symbol Name                              Value     Ov Type        Size  Object(Section)

    src\target.c                             0x00000000   Number         0  target.o ABSOLUTE
    .text                                    0x40000170   ARM Code       0  target.o(.text)
    C$debug_abbrev0                          0x00000000   Data           0  target.o(.debug_abbrev)
    C$debug_frame43                          0x00000000   Data           0  target.o(.debug_frame)
    C$debug_info3                            0x00000000   Data           0  target.o(.debug_info)
    C$debug_line2                            0x00000000   Data           0  target.o(.debug_line)
    C$debug_loc42                            0x00000000   Data           0  target.o(.debug_loc)
    C$debug_macinfo5                         0x00000000   Data           0  target.o(.debug_macinfo)
    C$debug_pubnames40                       0x00000000   Data           0  target.o(.debug_pubnames)
    C$debug_info33                           0x00000060   Data           0  target.o(.debug_info)
    C$debug_line38                           0x000000d0   Data           0  target.o(.debug_line)
    C$debug_pubnames10                       0x00000128   Data           0  target.o(.debug_pubnames)
    C$debug_info27                           0x00000140   Data           0  target.o(.debug_info)
    C$debug_line8                            0x00000188   Data           0  target.o(.debug_line)
    C$debug_pubnames28                       0x0000018c   Data           0  target.o(.debug_pubnames)
    C$debug_macinfo11                        0x00000194   Data           0  target.o(.debug_macinfo)
    C$debug_line26                           0x000001d0   Data           0  target.o(.debug_line)
    C$debug_pubnames34                       0x000001e4   Data           0  target.o(.debug_pubnames)
    C$debug_macinfo29                        0x0000020c   Data           0  target.o(.debug_macinfo)
    C$debug_line32                           0x00000220   Data           0  target.o(.debug_line)
    C$debug_info39                           0x00000224   Data           0  target.o(.debug_info)
    C$debug_macinfo35                        0x00000258   Data           0  target.o(.debug_macinfo)
    C$debug_info9                            0x0000075c   Data           0  target.o(.debug_info)
    src\IRQ.s                                0x00000000   Number         0  irq.o ABSOLUTE
    USR32Mode                                0x00000010   Number         0  irq.o ABSOLUTE
    FIQ32Mode                                0x00000011   Number         0  irq.o ABSOLUTE
    IRQ32Mode                                0x00000012   Number         0  irq.o ABSOLUTE
    SVC32Mode                                0x00000013   Number         0  irq.o ABSOLUTE
    SYS32Mode                                0x0000001f   Number         0  irq.o ABSOLUTE
    NoInt                                    0x00000080   Number         0  irq.o ABSOLUTE
    src\Startup.s                            0x00000000   Number         0  startup.o ABSOLUTE
    <Anonymous Symbol>                       0x000003ec   Data          16  startup.o(.debug_abbrev)
    MyStacks                                 0x40003460   Data        1024  startup.o(MyStacks)
    Stacks                                   0x40004000   Number         0  startup.o(Stacks)
    <Anonymous Symbol>                       0x00000850   Data          88  startup.o(.debug_info)
    <Anonymous Symbol>                       0x00000248   Data         116  startup.o(.debug_line)
    vectors                                  0x40000000   ARM Code     200  startup.o(vectors)
    Heap                                     0x40003860   Data           4  startup.o(Heap)
    ABT_STACK_LEGTH                          0x00000000   Number         0  startup.o ABSOLUTE
    FIQ_STACK_LEGTH                          0x00000000   Number         0  startup.o ABSOLUTE
    SVC_STACK_LEGTH                          0x00000000   Number         0  startup.o ABSOLUTE
    UND_STACK_LEGTH                          0x00000000   Number         0  startup.o ABSOLUTE
    USR32Mode                                0x00000010   Number         0  startup.o ABSOLUTE
    FIQ32Mode                                0x00000011   Number         0  startup.o ABSOLUTE
    IRQ32Mode                                0x00000012   Number         0  startup.o ABSOLUTE
    SVC32Mode                                0x00000013   Number         0  startup.o ABSOLUTE
    SYS32Mode                                0x0000001f   Number         0  startup.o ABSOLUTE
    NoInt                                    0x00000080   Number         0  startup.o ABSOLUTE
    IRQ_STACK_LEGTH                          0x00000100   Number         0  startup.o ABSOLUTE
    ResetAddr                                0x40000020   Data           4  startup.o(vectors)
    UndefinedAddr                            0x40000024   Data           4  startup.o(vectors)
    SWI_Addr                                 0x40000028   Data           4  startup.o(vectors)
    PrefetchAddr                             0x4000002c   Data           4  startup.o(vectors)
    DataAbortAddr                            0x40000030   Data           4  startup.o(vectors)
    Nouse                                    0x40000034   Data           4  startup.o(vectors)
    IRQ_Addr                                 0x40000038   Data           4  startup.o(vectors)
    FIQ_Addr                                 0x4000003c   Data           4  startup.o(vectors)
    Undefined                                0x40000040   ARM Code       0  startup.o(vectors)
    SoftwareInterrupt                        0x40000044   ARM Code       0  startup.o(vectors)
    PrefetchAbort                            0x40000048   ARM Code       0  startup.o(vectors)
    DataAbort                                0x4000004c   ARM Code       0  startup.o(vectors)
    FIQ_Handler                              0x40000050   ARM Code       0  startup.o(vectors)
    InitStack                                0x40000060   ARM Code       0  startup.o(vectors)
    ResetInit                                0x40000098   ARM Code       0  startup.o(vectors)
    StackSvc                                 0x400000ac   Data           4  startup.o(vectors)
    StackIrq                                 0x400000b0   Data           4  startup.o(vectors)
    StackFiq                                 0x400000b4   Data           4  startup.o(vectors)
    StackAbt                                 0x400000b8   Data           4  startup.o(vectors)
    StackUnd                                 0x400000bc   Data           4  startup.o(vectors)
    IrqStackSpace                            0x40003460   Data        1024  startup.o(MyStacks)
    SvcStackSpace                            0x40003460   Data           0  startup.o(MyStacks)
    AbtStackSpace                            0x40003860   Data           0  startup.o(MyStacks)
    FiqStackSpace                            0x40003860   Data           0  startup.o(MyStacks)
    UndtStackSpace                           0x40003860   Data           0  startup.o(MyStacks)
    src\SPI.c                                0x00000000   Number         0  spi.o ABSOLUTE
    .text                                    0x4000025c   ARM Code       0  spi.o(.text)
    C$debug_abbrev0                          0x00000000   Data           0  target.o(.debug_abbrev)
    C$debug_pubnames16                       0x00000128   Data           0  target.o(.debug_pubnames)
    C$debug_frame37                          0x00000158   Data           0  spi.o(.debug_frame)
    C$debug_line14                           0x00000188   Data           0  target.o(.debug_line)
    C$debug_macinfo17                        0x00000194   Data           0  target.o(.debug_macinfo)
    C$debug_pubnames34                       0x00000268   Data           0  spi.o(.debug_pubnames)
    C$debug_line32                           0x000002bc   Data           0  spi.o(.debug_line)
    C$debug_loc36                            0x000002e0   Data           0  spi.o(.debug_loc)
    C$debug_info15                           0x0000075c   Data           0  target.o(.debug_info)
    C$debug_info33                           0x000008a8   Data           0  spi.o(.debug_info)
    src\LCD.c                                0x00000000   Number         0  lcd.o ABSOLUTE
    .text                                    0x400002c8   ARM Code       0  lcd.o(.text)
    .bss                                     0x40003000   Data           0  lcd.o(.bss)
    .constdata                               0x40000dc4   Data           0  lcd.o(.constdata)
    C$debug_abbrev0                          0x00000000   Data           0  target.o(.debug_abbrev)
    C$debug_pubnames16                       0x00000128   Data           0  target.o(.debug_pubnames)
    C$debug_line14                           0x00000188   Data           0  target.o(.debug_line)
    C$debug_macinfo17                        0x00000194   Data           0  target.o(.debug_macinfo)
    C$debug_frame73                          0x000001a4   Data           0  lcd.o(.debug_frame)
    C$debug_pubnames4                        0x0000029c   Data           0  lcd.o(.debug_pubnames)
    C$debug_pubnames70                       0x000002b8   Data           0  lcd.o(.debug_pubnames)
    C$debug_loc72                            0x00000314   Data           0  lcd.o(.debug_loc)
    C$debug_line2                            0x00000318   Data           0  lcd.o(.debug_line)
    C$debug_line68                           0x000003cc   Data           0  lcd.o(.debug_line)
    C$debug_macinfo5                         0x00000444   Data           0  lcd.o(.debug_macinfo)
    C$debug_info15                           0x0000075c   Data           0  target.o(.debug_info)
    C$debug_info3                            0x00000960   Data           0  lcd.o(.debug_info)
    C$debug_info69                           0x000009d0   Data           0  lcd.o(.debug_info)
    .constdata$1                             0x40000dc4   Data           0  lcd.o(.constdata)
    .bss$2                                   0x40003000   Data           0  lcd.o(.bss)
    src\KEY.c                                0x00000000   Number         0  key.o ABSOLUTE
    .text                                    0x400008d8   ARM Code       0  key.o(.text)
    C$debug_abbrev0                          0x00000000   Data           0  target.o(.debug_abbrev)
    C$debug_pubnames16                       0x00000128   Data           0  target.o(.debug_pubnames)
    C$debug_line14                           0x00000188   Data           0  target.o(.debug_line)
    C$debug_macinfo17                        0x00000194   Data           0  target.o(.debug_macinfo)
    C$debug_frame37                          0x00000344   Data           0  key.o(.debug_frame)
    C$debug_pubnames34                       0x00000370   Data           0  key.o(.debug_pubnames)
    C$debug_line32                           0x000005e0   Data           0  key.o(.debug_line)
    C$debug_info15                           0x0000075c   Data           0  target.o(.debug_info)
    C$debug_loc36                            0x000008e0   Data           0  key.o(.debug_loc)
    C$debug_info33                           0x000010e0   Data           0  key.o(.debug_info)
    src\Delay.c                              0x00000000   Number         0  delay.o ABSOLUTE
    .text                                    0x400009bc   ARM Code       0  delay.o(.text)
    C$debug_abbrev0                          0x00000000   Data           0  target.o(.debug_abbrev)
    C$debug_pubnames16                       0x00000128   Data           0  target.o(.debug_pubnames)
    C$debug_line14                           0x00000188   Data           0  target.o(.debug_line)
    C$debug_macinfo17                        0x00000194   Data           0  target.o(.debug_macinfo)
    C$debug_frame37                          0x00000390   Data           0  delay.o(.debug_frame)
    C$debug_pubnames34                       0x0000039c   Data           0  delay.o(.debug_pubnames)
    C$debug_line32                           0x00000668   Data           0  delay.o(.debug_line)
    C$debug_info15                           0x0000075c   Data           0  target.o(.debug_info)
    C$debug_loc36                            0x000008f4   Data           0  delay.o(.debug_loc)
    C$debug_info33                           0x00001238   Data           0  delay.o(.debug_info)
    src\main.c                               0x00000000   Number         0  main.o ABSOLUTE
    .text                                    0x40000a18   ARM Code       0  main.o(.text)
    C$debug_abbrev0                          0x00000000   Data           0  target.o(.debug_abbrev)
    C$debug_pubnames10                       0x00000128   Data           0  target.o(.debug_pubnames)
    C$debug_line8                            0x00000188   Data           0  target.o(.debug_line)
    C$debug_macinfo11                        0x00000194   Data           0  target.o(.debug_macinfo)
    C$debug_pubnames94                       0x000003c8   Data           0  main.o(.debug_pubnames)
    C$debug_frame97                          0x000003dc   Data           0  main.o(.debug_frame)
    C$debug_macinfo5                         0x000005d4   Data           0  main.o(.debug_macinfo)
    C$debug_line2                            0x000006e0   Data           0  main.o(.debug_line)
    C$debug_info9                            0x0000075c   Data           0  target.o(.debug_info)
    C$debug_line92                           0x000007bc   Data           0  main.o(.debug_line)
    C$debug_loc96                            0x0000094c   Data           0  main.o(.debug_loc)
    C$debug_info3                            0x0000131c   Data           0  main.o(.debug_info)
    C$debug_info93                           0x00001368   Data           0  main.o(.debug_info)
    ../../angel/startup.s                    0x00000000   Number         0  __main.o ABSOLUTE
    <Anonymous Symbol>                       0x00000420   Data          60  __main.o(.debug_frame)
    !!!                                      0x400000c8   ARM Code     168  __main.o(!!!)
    _move_region                             0x400000e8   ARM Code       0  __main.o(!!!)
    _move_loop                               0x40000118   ARM Code       0  __main.o(!!!)
    _zero_region                             0x4000012c   ARM Code       0  __main.o(!!!)
    _zero_loop                               0x40000150   ARM Code       0  __main.o(!!!)
    _region_table                            0x40000160   Data           0  __main.o(!!!)
    ../../armsys.c                           0x00000000   Number         0  _no_redirect.o ABSOLUTE
    .text                                    0x40000a30   ARM Code       0  _no_redirect.o(.text)
    C$debug_frame18                          0x0000045c   Data           0  _no_redirect.o(.debug_frame)
    ../../memcpset.s                         0x00000000   Number         0  rt_memcpy.o ABSOLUTE
    <Anonymous Symbol>                       0x000004a8   Data          60  rt_memcpy.o(.debug_frame)
    .text                                    0x40000a38   ARM Code     180  rt_memcpy.o(.text)
    _memcpy_dest_aligned                     0x40000a6c   ARM Code       0  rt_memcpy.o(.text)
    _memcpy_src1_loop                        0x40000a8c   ARM Code       0  rt_memcpy.o(.text)
    _memcpy_src2_loop                        0x40000aac   ARM Code       0  rt_memcpy.o(.text)
    _memcpy_src3_loop                        0x40000acc   ARM Code       0  rt_memcpy.o(.text)
    ../../angel/sys.s                        0x00000000   Number         0  use_no_semi.o ABSOLUTE
    .text                                    0x40000aec   ARM Code       4  use_no_semi.o(.text)
    <Anonymous Symbol>                       0x000004e4   Data          68  use_no_semi.o(.debug_frame)
    ../../angel/kernel.s                     0x00000000   Number         0  kernel.o ABSOLUTE
    .text                                    0x40000af0   ARM Code      40  kernel.o(.text)
    <Anonymous Symbol>                       0x00000528   Data          88  kernel.o(.debug_frame)
    __rt_abort1                              0x40000b14   ARM Code       0  kernel.o(.text)
    ../../memcpset.s                         0x00000000   Number         0  rt_memcpy_w.o ABSOLUTE
    .text                                    0x40000b18   ARM Code     108  rt_memcpy_w.o(.text)
    <Anonymous Symbol>                       0x00000580   Data          84  rt_memcpy_w.o(.debug_frame)
    _memcpy_aligned_loop                     0x40000b24   ARM Code       0  rt_memcpy_w.o(.text)
    _memcpy_small                            0x40000b3c   ARM Code       0  rt_memcpy_w.o(.text)
    ../../stdlib.c                           0x00000000   Number         0  exit.o ABSOLUTE
    .text                                    0x40000b84   ARM Code       0  exit.o(.text)
    C$debug_frame12                          0x000005d4   Data           0  exit.o(.debug_frame)
    ../../armsys.c                           0x00000000   Number         0  lib_init.o ABSOLUTE
    .text                                    0x40000b9c   ARM Code       0  lib_init.o(.text)
    C$debug_frame18                          0x00000620   Data           0  lib_init.o(.debug_frame)
    ../../stkheap1.s                         0x00000000   Number         0  stkheap1.o ABSOLUTE
    .text                                    0x40000c98   ARM Code     252  stkheap1.o(.text)
    <Anonymous Symbol>                       0x0000069c   Data         128  stkheap1.o(.debug_frame)
    _heap_overflow                           0x40000d84   ARM Code       0  stkheap1.o(.text)
    ../../angel/sys.s                        0x00000000   Number         0  libspace.o ABSOLUTE
    .bss                                     0x40003400   Data          96  libspace.o(.bss)
    .text                                    0x40000d94   ARM Code      12  libspace.o(.text)
    <Anonymous Symbol>                       0x0000071c   Data          68  libspace.o(.debug_frame)
    __libspace_start                         0x40003400   Data          96  libspace.o(.bss)
    ../../fpinit.s                           0x00000000   Number         0  fpinit.o ABSOLUTE
    <Anonymous Symbol>                       0x00000760   Data          76  fpinit.o(.debug_frame)
    x$fpl$fpinit                             0x40000db0   ARM Code      20  fpinit.o(x$fpl$fpinit)
    ../../angel/rt.s                         0x00000000   Number         0  rt_fp_status_addr.o ABSOLUTE
    .text                                    0x40000da0   ARM Code      16  rt_fp_status_addr.o(.text)
    <Anonymous Symbol>                       0x000007ac   Data          76  rt_fp_status_addr.o(.debug_frame)

    Global Symbols

    Symbol Name                              Value     Ov Type        Size  Object(Section)

    BuildAttributes$$ARM_ISAv4$M$PE$A:L22$X:L11$S22$~IW$USESV6$~STKCKD$USESV7$~SHL$OSPACE 0x00000000   Number         0  anon$$obj.o ABSOLUTE
    __Heap_DescSize                           - Undefined Weak Reference
    __alloca_initialize                       - Undefined Weak Reference
    __argv_alloc                              - Undefined Weak Reference
    __call_ctors()                            - Undefined Weak Reference
    __cpp_finalise                            - Undefined Weak Reference
    __cpp_initialise                          - Undefined Weak Reference
    __rt_get_argv                             - Undefined Weak Reference
    __user_heap_extend                        - Undefined Weak Reference
    __user_stack_slop                         - Undefined Weak Reference
    _atexit_init                              - Undefined Weak Reference
    _call_atexit_fns                          - Undefined Weak Reference
    _clock_init                               - Undefined Weak Reference
    _get_lc_collate                           - Undefined Weak Reference
    _get_lc_ctype                             - Undefined Weak Reference
    _get_lc_monetary                          - Undefined Weak Reference
    _get_lc_numeric                           - Undefined Weak Reference
    _get_lc_time                              - Undefined Weak Reference
    _getenv_init                              - Undefined Weak Reference
    _init_alloc                               - Undefined Weak Reference
    _init_user_alloc                          - Undefined Weak Reference
    _initio                                   - Undefined Weak Reference
    _rand_init                                - Undefined Weak Reference
    _signal_init                              - Undefined Weak Reference
    _terminate_user_alloc                     - Undefined Weak Reference
    _terminateio                              - Undefined Weak Reference
    Reset                                    0x40000000   ARM Code       0  startup.o(vectors)
    __user_initial_stackheap                 0x400000a4   ARM Code       0  startup.o(vectors)
    __main                                   0x400000c8   ARM Code     152  __main.o(!!!)
    IRQ_Exception                            0x40000170   ARM Code       4  target.o(.text)
    FIQ_Exception                            0x40000174   ARM Code       4  target.o(.text)
    TargetInit                               0x40000178   ARM Code       4  target.o(.text)
    TargetResetInit                          0x4000017c   ARM Code     116  target.o(.text)
    __rt_div0                                0x400001f0   ARM Code       8  target.o(.text)
    fputc                                    0x400001f8   ARM Code       8  target.o(.text)
    fgetc                                    0x40000200   ARM Code       8  target.o(.text)
    _sys_close                               0x40000208   ARM Code       8  target.o(.text)
    _sys_write                               0x40000210   ARM Code       8  target.o(.text)
    _sys_read                                0x40000218   ARM Code       8  target.o(.text)
    _ttywrch                                 0x40000220   ARM Code       4  target.o(.text)
    _sys_istty                               0x40000224   ARM Code       8  target.o(.text)
    _sys_seek                                0x4000022c   ARM Code       8  target.o(.text)
    _sys_ensure                              0x40000234   ARM Code       8  target.o(.text)
    _sys_flen                                0x4000023c   ARM Code       8  target.o(.text)
    _sys_tmpnam                              0x40000244   ARM Code       8  target.o(.text)
    _sys_exit                                0x4000024c   ARM Code       4  target.o(.text)
    _sys_command_string                      0x40000250   ARM Code       8  target.o(.text)
    MSPI_Init                                0x4000025c   ARM Code      68  spi.o(.text)
    MSPI_SendData                            0x400002a0   ARM Code      28  spi.o(.text)
    LCD_WriteCommand                         0x400002c8   ARM Code      40  lcd.o(.text)
    LCD_WriteData                            0x400002f0   ARM Code      40  lcd.o(.text)
    LCD_SHOWStr                              0x40000318   ARM Code      64  lcd.o(.text)
    LCD_Clear                                0x40000358   ARM Code      24  lcd.o(.text)
    LCD_RAMClear                             0x40000370   ARM Code     472  lcd.o(.text)
    point                                    0x40000548   ARM Code     236  lcd.o(.text)
    line                                     0x40000634   ARM Code     352  lcd.o(.text)
    LCD_ToNormal                             0x40000794   ARM Code      32  lcd.o(.text)
    LCD_ToExtra                              0x400007b4   ARM Code      32  lcd.o(.text)
    LCD_Test                                 0x400007d4   ARM Code     188  lcd.o(.text)
    LCD_Init                                 0x40000890   ARM Code      60  lcd.o(.text)
    KeyInit                                  0x400008d8   ARM Code      24  key.o(.text)
    KeyRead                                  0x400008f0   ARM Code     196  key.o(.text)
    DelayNS                                  0x400009bc   ARM Code      40  delay.o(.text)
    delayms                                  0x400009e4   ARM Code      52  delay.o(.text)
    main                                     0x40000a18   ARM Code      24  main.o(.text)
    _main_redirection                        0x40000a30   ARM Code       4  _no_redirect.o(.text)
    _main                                    0x40000a34   ARM Code       4  _no_redirect.o(.text)
    __rt_memcpy                              0x40000a38   ARM Code     180  rt_memcpy.o(.text)
    __32__use_no_semihosting_swi             0x40000aec   ARM Code       0  use_no_semi.o(.text)
    __semihosting_swi_guard                  0x40000aec   ARM Code       0  use_no_semi.o(.text)
    __use_no_semihosting_swi                 0x40000aec   ARM Code       4  use_no_semi.o(.text)
    __rt_entry                               0x40000af0   ARM Code       0  kernel.o(.text)
    __32__rt_exit                            0x40000b00   ARM Code       0  kernel.o(.text)
    __rt_exit                                0x40000b00   ARM Code      16  kernel.o(.text)
    __32__rt_abort                           0x40000b10   ARM Code       0  kernel.o(.text)
    __rt_abort                               0x40000b10   ARM Code       8  kernel.o(.text)
    __rt_memcpy_w                            0x40000b18   ARM Code     108  rt_memcpy_w.o(.text)
    _memcpy_lastbytes                        0x40000b64   ARM Code       0  rt_memcpy_w.o(.text)
    exit                                     0x40000b84   ARM Code      24  exit.o(.text)
    __rt_lib_init                            0x40000b9c   ARM Code     228  lib_init.o(.text)
    __rt_lib_shutdown                        0x40000c80   ARM Code      20  lib_init.o(.text)
    __rt_stackheap_init                      0x40000c98   ARM Code     144  stkheap1.o(.text)
    __rt_heap_extend                         0x40000d28   ARM Code     108  stkheap1.o(.text)
    __user_libspace                          0x40000d94   ARM Code       8  libspace.o(.text)
    __rt_fp_status_addr                      0x40000da0   ARM Code      16  rt_fp_status_addr.o(.text)
    _fp_init                                 0x40000db0   ARM Code      20  fpinit.o(x$fpl$fpinit)
    __fplib_config_pureend_doubles           0x40000dc0   ARM Code       0  fpinit.o(x$fpl$fpinit)
    Region$$Table$$Base                      0x40000de0   Data           0  anon$$obj.o(Region$$Table)
    Region$$Table$$Limit                     0x40000e10   Data           0  anon$$obj.o(Region$$Table)
    ZISection$$Table$$Base                   0x40000e10   Data           0  anon$$obj.o(ZISection$$Table)
    ZISection$$Table$$Limit                  0x40000e20   Data           0  anon$$obj.o(ZISection$$Table)
    RAM                                      0x40003000   Data        1024  lcd.o(.bss)
    bottom_of_heap                           0x40003860   Data           1  startup.o(Heap)
    StackUsr                                 0x40004000   Data           0  startup.o(Stacks)


================================================================================

Memory Map of the image

  Image Entry point : 0x40000000

  Load Region ROM_LOAD (Base: 0x40000000, Size: 0x00000e20, Max: 0xffffffff, ABSOLUTE)

    Execution Region ROM_EXEC (Base: 0x40000000, Size: 0x00000e20, Max: 0xffffffff, ABSOLUTE)

    Base Addr    Size         Type   Attr  Idx  E Section Name        Object

    0x40000000   0x000000c8   Code   RO    33   * vectors             startup.o
    0x400000c8   0x000000a8   Code   RO   103   * !!!                 __main.o(c_a__un.l)
    0x40000170   0x000000ec   Code   RO     1     .text               target.o
    0x4000025c   0x0000006c   Code   RO    40     .text               spi.o
    0x400002c8   0x00000610   Code   RO    52     .text               lcd.o
    0x400008d8   0x000000e4   Code   RO    73     .text               key.o
    0x400009bc   0x0000005c   Code   RO    85     .text               delay.o
    0x40000a18   0x00000018   Code   RO    94     .text               main.o
    0x40000a30   0x00000008   Code   RO   105     .text               _no_redirect.o(c_a__un.l)
    0x40000a38   0x000000b4   Code   RO   107     .text               rt_memcpy.o(c_a__un.l)
    0x40000aec   0x00000004   Code   RO   109     .text               use_no_semi.o(c_a__un.l)
    0x40000af0   0x00000028   Code   RO   111     .text               kernel.o(c_a__un.l)
    0x40000b18   0x0000006c   Code   RO   113     .text               rt_memcpy_w.o(c_a__un.l)
    0x40000b84   0x00000018   Code   RO   115     .text               exit.o(c_a__un.l)
    0x40000b9c   0x000000fc   Code   RO   117     .text               lib_init.o(c_a__un.l)
    0x40000c98   0x000000fc   Code   RO   119     .text               stkheap1.o(c_a__un.l)
    0x40000d94   0x0000000c   Code   RO   121     .text               libspace.o(c_a__un.l)
    0x40000da0   0x00000010   Code   RO   126     .text               rt_fp_status_addr.o(c_a__un.l)
    0x40000db0   0x00000014   Code   RO   124     x$fpl$fpinit        fpinit.o(f_a_p.l)
    0x40000dc4   0x00000019   Data   RO    53     .constdata          lcd.o
    0x40000ddd   0x00000003   PAD
    0x40000de0   0x00000030   Data   RO   128     Region$$Table       anon$$obj.o
    0x40000e10   0x00000010   Data   RO   129     ZISection$$Table    anon$$obj.o


    Execution Region IRAM (Base: 0x40003000, Size: 0x00000860, Max: 0xffffffff, ABSOLUTE)

    Base Addr    Size         Type   Attr  Idx  E Section Name        Object

    0x40003000   0x00000400   Zero   RW    54     .bss                lcd.o
    0x40003400   0x00000060   Zero   RW   122     .bss                libspace.o(c_a__un.l)
    0x40003460   0x00000400   Zero   RW    34     MyStacks            startup.o


    Execution Region HEAP (Base: 0x40003860, Size: 0x00000004, Max: 0xffffffff, ABSOLUTE, UNINIT)

    Base Addr    Size         Type   Attr  Idx  E Section Name        Object

    0x40003860   0x00000004   Zero   RW    35     Heap                startup.o


    Execution Region STACKS (Base: 0x40004000, Size: 0x00000000, Max: 0xffffffff, ABSOLUTE, UNINIT)

    Base Addr    Size         Type   Attr  Idx  E Section Name        Object

    0x40004000   0x00000000   Zero   RW    36     Stacks              startup.o



  Load Region LR$$Debug (Base: 0x00000000, Size: 0x00000000, Max: 0xffffffff, ABSOLUTE)

    Execution Region ER$$Debug (Base: 0x00000000, Size: 0x00000000, Max: 0xffffffff, ABSOLUTE)

    Base Addr    Size         Type   Attr  Idx  E Section Name        Object

    0x00000000   0x000003ec   Dbug   RW    10     .debug_abbrev       target.o
    0x000003ec   0x00000010   Dbug   RW    39     .debug_abbrev       startup.o
    0x00000000   0x00000158   Dbug   RW     9     .debug_frame        target.o
    0x00000158   0x0000004c   Dbug   RW    48     .debug_frame        spi.o
    0x000001a4   0x000001a0   Dbug   RW    63     .debug_frame        lcd.o
    0x00000344   0x0000004c   Dbug   RW    81     .debug_frame        key.o
    0x00000390   0x0000004c   Dbug   RW    93     .debug_frame        delay.o
    0x000003dc   0x00000044   Dbug   RW   102     .debug_frame        main.o
    0x00000420   0x0000003c   Dbug   RW   104     .debug_frame        __main.o(c_a__un.l)
    0x0000045c   0x0000004c   Dbug   RW   106     .debug_frame        _no_redirect.o(c_a__un.l)
    0x000004a8   0x0000003c   Dbug   RW   108     .debug_frame        rt_memcpy.o(c_a__un.l)
    0x000004e4   0x00000044   Dbug   RW   110     .debug_frame        use_no_semi.o(c_a__un.l)
    0x00000528   0x00000058   Dbug   RW   112     .debug_frame        kernel.o(c_a__un.l)
    0x00000580   0x00000054   Dbug   RW   114     .debug_frame        rt_memcpy_w.o(c_a__un.l)
    0x000005d4   0x0000004c   Dbug   RW   116     .debug_frame        exit.o(c_a__un.l)
    0x00000620   0x0000007c   Dbug   RW   118     .debug_frame        lib_init.o(c_a__un.l)
    0x0000069c   0x00000080   Dbug   RW   120     .debug_frame        stkheap1.o(c_a__un.l)
    0x0000071c   0x00000044   Dbug   RW   123     .debug_frame        libspace.o(c_a__un.l)
    0x00000760   0x0000004c   Dbug   RW   125     .debug_frame        fpinit.o(f_a_p.l)
    0x000007ac   0x0000004c   Dbug   RW   127     .debug_frame        rt_fp_status_addr.o(c_a__un.l)
    0x00000000   0x00000060   Dbug   RW     3     .debug_info         target.o
    0x00000060   0x000000e0   Dbug   RW    26     .debug_info         target.o
    0x00000140   0x000000e4   Dbug   RW    22     .debug_info         target.o
    0x00000224   0x00000538   Dbug   RW     6     .debug_info         target.o
    0x0000075c   0x000000f4   Dbug   RW    18     .debug_info         target.o
    0x00000850   0x00000058   Dbug   RW    37     .debug_info         startup.o
    0x000008a8   0x000000b8   Dbug   RW    45     .debug_info         spi.o
    0x00000960   0x00000070   Dbug   RW    56     .debug_info         lcd.o
    0x000009d0   0x00000710   Dbug   RW    60     .debug_info         lcd.o
    0x000010e0   0x00000158   Dbug   RW    78     .debug_info         key.o
    0x00001238   0x000000e4   Dbug   RW    90     .debug_info         delay.o
    0x0000131c   0x0000004c   Dbug   RW    96     .debug_info         main.o
    0x00001368   0x00000088   Dbug   RW    99     .debug_info         main.o
    0x00000000   0x000000d0   Dbug   RW     2     .debug_line         target.o
    0x000000d0   0x000000b8   Dbug   RW     5     .debug_line         target.o
    0x00000188   0x00000048   Dbug   RW    17     .debug_line         target.o
    0x000001d0   0x00000050   Dbug   RW    21     .debug_line         target.o
    0x00000220   0x00000028   Dbug   RW    25     .debug_line         target.o
    0x00000248   0x00000074   Dbug   RW    38     .debug_line         startup.o
    0x000002bc   0x0000005c   Dbug   RW    44     .debug_line         spi.o
    0x00000318   0x000000b4   Dbug   RW    55     .debug_line         lcd.o
    0x000003cc   0x00000214   Dbug   RW    59     .debug_line         lcd.o
    0x000005e0   0x00000088   Dbug   RW    77     .debug_line         key.o
    0x00000668   0x00000078   Dbug   RW    89     .debug_line         delay.o
    0x000006e0   0x000000dc   Dbug   RW    95     .debug_line         main.o
    0x000007bc   0x00000054   Dbug   RW    98     .debug_line         main.o
    0x00000000   0x000002e0   Dbug   RW     8     .debug_loc          target.o
    0x000002e0   0x00000034   Dbug   RW    47     .debug_loc          spi.o
    0x00000314   0x000005cc   Dbug   RW    62     .debug_loc          lcd.o
    0x000008e0   0x00000014   Dbug   RW    80     .debug_loc          key.o
    0x000008f4   0x00000058   Dbug   RW    92     .debug_loc          delay.o
    0x0000094c   0x00000020   Dbug   RW   101     .debug_loc          main.o
    0x00000000   0x00000194   Dbug   RW     4     .debug_macinfo      target.o
    0x00000194   0x00000078   Dbug   RW    20     .debug_macinfo      target.o
    0x0000020c   0x0000004c   Dbug   RW    24     .debug_macinfo      target.o
    0x00000258   0x000001ec   Dbug   RW    28     .debug_macinfo      target.o
    0x00000444   0x00000190   Dbug   RW    58     .debug_macinfo      lcd.o
    0x000005d4   0x00000190   Dbug   RW    97     .debug_macinfo      main.o
    0x00000000   0x00000128   Dbug   RW     7     .debug_pubnames     target.o
    0x00000128   0x00000064   Dbug   RW    19     .debug_pubnames     target.o
    0x0000018c   0x00000058   Dbug   RW    23     .debug_pubnames     target.o
    0x000001e4   0x00000084   Dbug   RW    27     .debug_pubnames     target.o
    0x00000268   0x00000034   Dbug   RW    46     .debug_pubnames     spi.o
    0x0000029c   0x0000001c   Dbug   RW    57     .debug_pubnames     lcd.o
    0x000002b8   0x000000b8   Dbug   RW    61     .debug_pubnames     lcd.o
    0x00000370   0x0000002c   Dbug   RW    79     .debug_pubnames     key.o
    0x0000039c   0x0000002c   Dbug   RW    91     .debug_pubnames     delay.o
    0x000003c8   0x0000001c   Dbug   RW   100     .debug_pubnames     main.o


================================================================================

Image component sizes


      Code    RO Data    RW Data    ZI Data      Debug   Object Name

       108          0          0          0        456   spi.o
       200          0          0       1028        220   startup.o
        92          0          0          0        556   delay.o
       228          0          0          0        620   key.o
         0         64          0          0          0   anon$$obj.o
      1552         25          0       1024       5144   lcd.o
        24          0          0          0       1044   main.o
       236          0          0          0       6504   target.o

    ------------------------------------------------------------------------
      2440         89          0       2052      14544   Object Totals

    ------------------------------------------------------------------------

      Code    RO Data    RW Data    ZI Data      Debug   Library Member Name

       252          0          0          0        128   stkheap1.o
        40          0          0          0         88   kernel.o
         8          0          0          0         76   _no_redirect.o
         4          0          0          0         68   use_no_semi.o
        12          0          0         96         68   libspace.o
       180          0          0          0         60   rt_memcpy.o
       168          0          0          0         60   __main.o
       108          0          0          0         84   rt_memcpy_w.o
        16          0          0          0         76   rt_fp_status_addr.o
        24          0          0          0         76   exit.o
       252          0          0          0        124   lib_init.o
        20          0          0          0         76   fpinit.o

    ------------------------------------------------------------------------
      1084          0          0         96        984   Library Totals

    ------------------------------------------------------------------------

      Code    RO Data    RW Data    ZI Data      Debug   Library Name

      1064          0          0         96        908   c_a__un.l
        20          0          0          0         76   f_a_p.l

    ------------------------------------------------------------------------
      1084          0          0         96        984   Library Totals

    ------------------------------------------------------------------------

================================================================================


      Code    RO Data    RW Data    ZI Data      Debug   

      3524         89          0       2148      15528   Grand Totals

================================================================================

    Total RO  Size(Code + RO Data)                 3613 (   3.53kB)
    Total RW  Size(RW Data + ZI Data)              2148 (   2.10kB)
    Total ROM Size(Code + RO Data + RW Data)       3613 (   3.53kB)

================================================================================

